data:image/png;base64,iVBORw0KGgoAAAANSUhEUgAAB2wAAAEsCAYAAAAPckOWAAAgAElEQVR4nO3db4ylZ33f4SdFTt02UUrSIkzcJGrKWoRk2zXxToNmw5I2YcEJQizQUBmhzTr3KZGd1oqN2sTRbMjGSHaQmiLbnYAwHcCRqCqFabFEmsLSWG1lL676gkp2lJcZqiESUgYFKXlx+sLPWZ4585y/c+77nvPb65I+ojs7szNONT+d2e/OmaYBAAAAAAAAAAAAAAAAAAAAAAAAAAAAAAAAAAAAAAAAAAAAAAAAAAAAAAAAAAAAAAAAAAAAAAAAAAAAAAAAAAAAAAAAAAAAAAAAAAAAAAAAAAAAAAAAAAAAAAAAAAAAAAAAAAAAAAAAAAAAgGY4HH7H8PLVL92Eva/2/+0BAAAAAACAm9zw3Z99xfDy1eHw8m/96fDyb14P371XvzK8fHU4/IXf/PXa/7cHAAAAAAAAbnI3Btt7rz45vPdDbwjfL37ormUG25TS9mAwuN759VZKaW9V//+QUtpNKQ1TSsPu+2l/bzjrfQ0Gg+sppeG8728wGFxq/9zNZT9mAAAAAAAA4JgMtvNpB9Ht0a/bgXV3Ff9/0BlPRx36c0dj7mAwuNT39imlzb63m6YzEBtsAQAAAAAAoBaD7XzacXOr8+u97oB7HO136x7688d+f+ogO3r7SYPuhLcx2AIAAAAAAEBtBtvJxr7rtbfxpy/u+TM2x9+m+/ujpzIe68iIOu0pj0fj6zHe5+68b9t5vb2x1+sdmwEAAAAAAIApDLaTHXew7Xmq4+7bXWpfZ67Bdtp34XZH1yXf58y37X5MPWOt0RYAAAAAAACWYbCdLaW02x1mU0rbKaW9Od5ub3zI7Ayvez0vmzp4ppT2xgfi0cg6GmMXeJ9HnhJ59Lbdp1bu/PnX29cZfQdu9+f5bs7z3cYAAAAAAADAGIPtbGns59W236Ha+/NkO28z8efOjo+lCwy22z0j643xeMH3Of7rI0Ps+Psde72JP1MXAAAAAAAAmJPBdrbx7zptB9yp42rn6YX7nsJ4a+y7YucdbI8Msu3HMv6UxvO8z0OD7YynQz70tMidt+028zuOAQAAAAAAgDEG28nmGDAnPg1wjsG2fd3d8e927fxs2qyD7dhovdn3OrM+fgAAAAAAAKDDYDvZcQbbHE+J3DSHR9k09rN0V/SUyDM/hgkf1/XxURcAAAAAAACYwWA7XTtsdp+CeHvSSNvztnvjI2hnnN3redlcY2lKaW8wGFxvR9Lt8d+b8332/Tzcvb7RdfTysT9r/P1uG2wBAAAAAABgQQbb6dqx8sY42TeSTjLtaYbHnl540cF2q+/PWfB9bnd+b/xn4Pa13XnbvQl//lxDNgAAAAAAANAy2E6Wxn5GbPuyhZ42uO9nvfa8zkKDbefj2JvwezPfZ+fPODS09r1t33fN9oy2R56GGQAAAAAAAJjBYAsAAAAAAABQicEWAAAAAAAAoBKDLQAAAAAAAEAlNwbby7/1p8PLv3k9fPde/YrBFgAAAAAAADgRhsPhdwwvX/3STdj7av/fHgAAAAAAAAAAAAAAAAAAAAAAAAAAAAAAAAAAAAAAAAAAAAAAAAAAAAAAAAAAAAAAyG4wGFxKKQ27TXrdeV8PAAAAAAAAgBlSSlvjI2ynzbHX7X29Wh87AAAAAAAAwFpLKe2Nj7Mppe32Zbudl+22L9ue9jIAAAAAAAAA5pBS2pw0uKaU9gaDwfXur1NKe32v1/dyAAAAAAAAAJbUHWw7w+5uz+vtjn+HLgAAAAAAAABL6vxc263219O+E3fbYAsAAAAAAACwAqOxtvt0yIPB4JLBFgAAAAAAACCj0dMbd8fa9uXzfoftrU3TvOYY3XbMt5ckSZIkSZIkSZKkGh1PSmlvys+pnfkzbNtf3tI0zXcv2cWmac4c4+0l6aR0qnn5H6DU/jgkaRW5aZIi5aZJipJ7JilSbpqkKJ1q/3c57Rg7HAwGl6a8zl5KaW/ely/hYtM0r1/BnwNQ22ua4xxlgJPFTQMicdOAKNwzIBI3DYhi+Xs2+g7ZWT+DtvN6u9NedgwGWyAKDzKBSNw0IBI3DYjCPQMicdOAKJa7Z52nOp7U3tjr977eiv4jDLZAFB5kApG4aUAkbhoQhXsGROKmAVEsPdhuLTLYtm+TY6xtGoMtEIcHmUAkbhoQiZsGROGeAZG4aUAUIe6ZwRaIIsRRBmi5aUAkbhoQhXsGROKmAVGEuGcGWyCKEEcZoOWmAZG4aUAU7hkQiZsGRBHinhlsgShCHGWAlpsGROKmAVG4Z0AkbhoQRYh7ZrAFoghxlAFabhoQiZsGROGeAZG4aUAUIe6ZwRaIIsRRBmi5aUAkbhoQhXsGROKmAVGEuGcGWyCKtTrKP/Hp//djd+382b+WVLCnv7ZOj3nW6qYBzOCmAVG4Z0AkbhoQRYh7ZrAFoliro3zXztd/8ezO14d3ferP/lRS/s7ufH149j98/d7an/sLWKubBjCDmwZE4Z4BkbhpQBQh7pnBFohirY7yXTtf/8WNna//+cYnv/4GSQXa+fqfG2wBqnHTgCjcMyASNw2IYnX3LKW0m1LanfB7mymlYbeVvNOXGWyBKNbqQabBViqcwRagJjcNiMI9AyJx04AoVnPPUkrb7RB7ZLAdDAaXxsfaTpvHfucGWyCOtXqQabCVCmewBajJTQOicM+ASNw0IIrj37PBYHC9M8AeGWzb77wdppS2Oi+bOPAuwWALRLFWDzINtlLhDLYANblpQBTuGRCJmwZEsfw96z7Ncee7aPu+w/Z6Smmv5+0NtgCHrdWDTIOtVDiDLUBNbhoQhXsGROKmAVEce7Dd7fx60nfYbk/5Dtvtpd75YQZbIIq1epBpsJUKZ7AFqMlNA6Jwz4BI3DQgitXds2nfMdt5WuThtKdPXpLBFohirR5kGmylwhlsAWpy04Ao3DMgEjcNiKLYYDs+1g77niZ5SQZbIIq1epBpsJUKZ7AFqMlNA6Jwz4BI3DQgivyDbUppb/Rzbjsv22pfdr190a3tB7NMF5umOXuMt5ekk9KZpmlOnYCPY65OP/b8Qxs7+wd3PPD0BUn529jZPzj96HMP1v7cj3rTJGlGbpqkKLlnkiLlpkmK0pkm52Db/pzb3p9VO3qa5PaXt7QfyDJd7PyHSNI6d6ppmttOwMcxV2eeeOn+jZ39g9OPPHtOUv42dvYP7nz8xftqf+5HvWmSNCM3TVKU3DNJkXLTJEXpVPu/x7fsYJtS2jzmu/aUyEAUr2lWdZQL8JTIUuE8JTJATW4aEIV7BkTipgFRrO6eTXlK5OH4UyIPBoNLK/w5tgZbIIq1epBpsJUKZ7AFqMlNA6Jwz4BI3DQgiiKD7dZotO1pawXv2mALRLFWDzINtlLhDLYANblpQBTuGRCJmwZEkX+wbZpD31Hb7bhPhTxisAWiWKsHmQZbqXAGW4Ca3DQgCvcMiMRNA6IIcc8MtkAUa3WUDbZS4Qy2ADW5aUAU7hkQiZsGRBHinhlsgSjW6igbbKXCGWwBanLTgCjcMyASNw2IIsQ9M9gCUazVUTbYSoUz2ALU5KYBUbhnQCRuGhBFiHtmsAWiWKujbLCVCmewBajJTQOicM+ASNw0IIoQ98xgC0SxVkfZYCsVzmALUJObBkThngGRuGlAFCHumcEWiGKtjrLBViqcwRagJjcNiMI9AyJx04AoQtwzgy0QxVodZYOtVDiDLUBNbhoQhXsGROKmAVGs7p6llHZTSrtTfn8vpTTstLWSd2ywBeJYqweZBlupcAZbgJrcNCAK9wyIxE0DoljNPUspbbcj7JHBNqW0OTbUrnq0NdgCUazVg0yDrVQ4gy1ATW4aEIV7BkTipgFRHP+eDQaD650B9shg2/n9Q7/XvmzvWO/8ZQZbIIq1epBpsJUKZ7AFqMlNA6Jwz4BI3DQgiuXvWfc7ZweDwaUp32E7HAwG14/7kU5hsAWiWKsHmQZbqXAGW4Ca3DQgCvcMiMRNA6I49mC72/n1kcG2M+Su6ufV9jHYAlGs1YNMg61UOIMtQE1uGhCFewZE4qYBUazunk142uOtznfgbnd/fu1gMLi0kndssAXiWKsHmQZbqXAGW4Ca3DQgCvcMiMRNA6IoM9imlPa6Y22nVXznrcEWiGKtHmQabKXCGWwBanLTgCjcMyASNw2IothgO+y+vPNUycPm+Ay2QBRr9SDTYCsVzmALUJObBkThngGRuGlAFOWeErnn9UdPkbzZNM2t7QezTBebpjl7jLeXpJPSmaZpTp2Aj2OuTj/2/EMbO/sHdzzw9AVJ+dvY2T84/ehzD9b+3I960yRpRm6apCi5Z5Ii5aZJitKZJvNguznnYHtL+4Es08XOf4gkrXOnmqa57QR8HHN15omX7t/Y2T84/ciz5yTlb2Nn/+DOx1+8r/bnftSbJkkzctMkRck9kxQpN01SlE61/3t8fYNt+/K9zjDbNM2hp0TeW8G79pTIQBSvaVZ1lAvwlMhS4TwlMkBNbhoQhXsGROKmAVGs7p5NGmy7P6+2p60VvGuDLRDFWj3INNhKhTPYAtTkpgFRuGdAJG4aEEX+wXbs97ttTnrdBRlsgSjW6kGmwVYqnMEWoCY3DYjCPQMicdOAKELcM4MtEMVaHWWDrVQ4gy1ATW4aEIV7BkTipgFRhLhnBlsgirU6ygZbqXAGW4Ca3DQgCvcMiMRNA6IIcc8MtkAUa3WUDbZS4Qy2ADW5aUAU7hkQiZsGRBHinhlsgSjW6igbbKXCGWwBanLTgCjcMyASNw2IIsQ9M9gCUazVUTbYSoUz2ALU5KYBUbhnQCRuGhBFiHtmsAWiWKujbLCVCmewBajJTQOicM+ASNw0IIoQ98xgC0SxVkfZYCsVzmALUJObBkThngGRuGlAFCHumcEWiGKtjrLBViqcwRagJjcNiMI9AyJx04AoVnfPUkq7KaXdOV93OO/rzsFgC0SxVg8yDbZS4Qy2ADW5aUAU7hkQiZsGRLGae5ZS2p53hB0MBtcNtgC91upBpsFWKpzBFqAmNw2Iwj0DInHTgCiOf886A+zMEbYz7BpsAY5aqweZBlupcAZbgJrcNCAK9wyIxE0Dolj+nqWUNkfj62AwuDRrhO28zpbBFqDXWj3INNhKhTPYAtTkpgFRuGdAJG4aEMWxB9vdzq+njrAppb3R7xtsAXqt1YNMg61UOIMtQE1uGhCFewZE4qYBUazunk0bYVNKuymlvXledwkGWyCKtXqQabCVCmewBajJTQOicM+ASNw0IIr8g23nKZA3Z73ukgy2QBRr9SDTYCsVzmALUJObBkThngGRuGlAFHkH287Pud2a8bq3th/MMl1smubsMd5ekk5KZ5qmOXUCPo65Ov3Y8w9t7Owf3PHA0xck5W9jZ//g9KPPPVj7cz/qTZOkGblpkqLknkmKlJsmKUpnmsyD7Xb78mltNk1zS/uBLNPFzn+IJK1zp5qmue0EfBxzdeaJl+7f2Nk/OP3Is+ck5W9jZ//gzsdfvK/2537UmyZJM3LTJEXJPZMUKTdNUpROtf97fMccbI/DUyIDUbymWdVRLsBTIkuF85TIADW5aUAU7hkQiZsGRLG6e7bIz6X1M2wBeq3Vg0yDrVQ4gy1ATW4aEIV7BkTipgFRGGwBTpC1epBpsJUKZ7AFqMlNA6Jwz4BI3DQgCoMtwAmyVg8yDbZS4Qy2ADW5aUAU7hkQiZsGRBHinhlsgSjW6igbbKXCGWwBanLTgCjcMyASNw2IIsQ9M9gCUazVUTbYSoUz2ALU5KYBUbhnQCRuGhBFiHtmsAWiWKujbLCVCmewBajJTQOicM+ASNw0IIoQ98xgC0SxVkfZYCsVzmALUJObBkThngGRuGlAFCHumcEWiGKtjrLBViqcwRagJjcNiMI9AyJx04AoQtwzgy0QxVodZYOtVDiDLUBNbhoQhXsGROKmAVGEuGcGWyCKtTrKBlupcAZbgJrcNCAK9wyIxE0Doghxzwy2QBRrdZQNtlLhDLYANblpQBTuGRCJmwZEsbp7llLaTSnt9v3eYDC4lFIadlvJO32ZwRaIYq0eZBpspcIZbAFqctOAKNwzIBI3DYhiNfcspbTdDrFHBtuU0tb4WNtp89jv3GALxLFWDzINtlLhDLYANblpQBTuGRCJmwZEcfx7NhgMrncG2L7Bdm98nJ028C7BYAtEsVYPMg22UuEMtgA1uWlAFO4ZEImbBkSx/D1LKW2OhtrOUx7vTnid7Z633xsMBteX+7gPMdgCUazVg0yDrVQ4gy1ATW4aEIV7BkTipgFRHHuw3e38eqHvmDXYAhyxVg8yDbZS4Qy2ADW5aUAU7hkQiZsGRLG6e7bIYNv5ubZbK3jXBlsgirV6kGmwlQpnsAWoyU0DonDPgEjcNCCK8oPtaKxd0XfXNo3BFohjrR5kGmylwhlsAWpy04Ao3DMgEjcNiKLsYJtS2p0w1t7afjDLdLFpmrPHePtivf6Vr/yBf/vGC3dJKlvtz/0FOtM0zakT8HHM1enHnn9oY2f/4I4Hnr4gKX8bO/sHpx997sHan/tRb5okzchNkxQl90xSpNw0SVE605QabFNKe1Ne55b2A1mmi53/kBPdldeff/Xw8tWhpLLV/txfoFNN09x2Aj6OuTrzxEv3b+zsH5x+5NlzkvK3sbN/cOfjL95X+3M/6k2TpBm5aZKi5J5JipSbJilKp9r/Pb5pg237e8PBYHBpJe/ssLV5SuThu6981/Dy1eHwF65uD+/9UJKUu6u77WC7Ll7TrOooF+ApkaXCeUpkgJrcNCAK9wyIxE0DoljdPZs02I6eBjmltLmSd3TUGg62v3FleO+H3iApc79wddtgm4/BViqcwRagJjcNiMI9AyJx04Ao8g62KaXN0XfXTmhvBe/aYCupP4NtVgZbqXAGW4Ca3DQgCvcMiMRNA6LIPthuGWy/zWArFc5gm5XBViqcwRagJjcNiMI9AyJx04AoQtwzg62k/gy2WRlspcIZbAFqctOAKNwzIBI3DYgixD0z2Erqz2CblcFWKpzBFqAmNw2Iwj0DInHTgChC3DODraT+DLZZGWylwhlsAWpy04Ao3DMgEjcNiCLEPTPYSurPYJuVwVYqnMEWoCY3DYjCPQMicdOAKELcM4OtpP4MtlkZbKXCGWwBanLTgCjcMyASNw2IIsQ9M9hK6s9gm5XBViqcwRagJjcNiMI9AyJx04AoQtwzg62k/gy2WRlspcIZbAFqctOAKNwzIBI3DYgixD0z2Erqz2CblcFWKpzBFqAmNw2Iwj0DInHTgChWd89SSrsppd0pvz/stpJ3+jKDraT+DLZZGWylwhlsAWpy04Ao3DMgEjcNiGI19yyltN0Osb2D7fhYu+LR1mArqT+DbVYGW6lwBluAmtw0IAr3DIjETQOiOP49GwwG1zsj7JHBtv3O22FKaXvay47BYCupP4NtVgZbqXAGW4Ca3DQgCvcMiMRNA6JY/p6llDZHQ+1gMLg0ZbDdSyntzfvyJRhsJfVnsM3KYCsVzmALUJObBkThngGRuGlAFMcebHc7vz4y2HZG3Wnfebu51AfwbQZbSf0ZbLMy2EqFM9gC1OSmAVG4Z0AkbhoQxeru2YzB9shTH3d+7q3BVlKeDLZZGWylwhlsAWpy04Ao3DMgEjcNiCLvYNt5qmSDbWOwlYpnsM3KYCsVzmALUJObBkThngGRuGlAFCfmO2xvbT+YZbrYNM3ZY7x9sS7e/rrXDi9fHX7tvR/8yOffcs8FSXn7xj0Pf6odbKt//s/ZmaZpTp2Aj2OuTj/2/EMbO/sHdzzw9AVJ+dvY2T84/ehzD9b+3I960yRpRm6apCi5Z5Ii5aZJitKZptBgO/Fn2La/vKX9QJbpYuc/5ER35fXnXz28fHX4zfc9/MhX33X/OUl5+9b7r3yiHWyrf/7P2ammaW47AR/HXJ154qX7N3b2D04/8uw5Sfnb2Nk/uPPxF++r/bkf9aZJ0ozcNElRcs8kRcpNkxSlU+3/Ht+UYXYvpbQ378uX4CmRJfXnKZGz8pTIUuE8JTJATW4aEIV7BkTipgFRrO6ezfpO2u7v9b3sGAy2kvoz2GZlsJUKZ7AFqMlNA6Jwz4BI3DQgivyDbef3jrSSd2ywlTQpg21WBlupcAZbgJrcNCAK9wyIxE0Doigz2HZ+f9VjbdMYbCVNymCblcFWKpzBFqAmNw2Iwj0DInHTgChC3DODraT+DLZZGWylwhlsAWpy04Ao3DMgEjcNiCLEPTPYSurPYJuVwVYqnMEWoCY3DYjCPQMicdOAKELcM4OtpP4MtlkZbKXCGWwBanLTgCjcMyASNw2IIsQ9M9hK6s9gm5XBViqcwRagJjcNiMI9AyJx04AoQtwzg62k/gy2WRlspcIZbAFqctOAKNwzIBI3DYgixD0z2Erqz2CblcFWKpzBFqAmNw2Iwj0DInHTgChC3DODraT+DLZZGWylwhlsAWpy04Ao3DMgEjcNiKLMPUspbaaUht1W+McbbCX1Z7DNymArFc5gC1CTmwZE4Z4BkbhpQBT579lgMLg0PtZ22lzBuzDYSurPYJuVwVYqnMEWoCY3DYjCPQMicdOAKPLfs5TSbjvObnVett2+bHcF78JgK6k/g21WBlupcAZbgJrcNCAK9wyIxE0DoijyHbbXU0p74y832J6AMUuKnsE2K4OtVDiDLUBNbhoQhXsGROKmAVEU+Q7b7SnfYbu9gndhsJXUn8E2K4OtVDiDLUBNbhoQhXsGROKmAVGUuWedp0Xutorvrm0ag62kSRlsszLYSoUz2ALU5KYBUbhnQCRuGhBFscF2fKwd9j1N8pIMtpL6M9hmZbCVCmewBajJTQOicM+ASNw0IIoiT4m8l1IaDgaDS52XbbUvu96+6Nb2g1mmi03TnD3G2xfr4u2ve+3w8tXh1977wY98/i33XJCUt2/c8/Cn2sG2+uf/nJ1pmubUCfg45ur0Y88/tLGzf3DHA09fkJS/jZ39g9OPPvdg7c/9qDdNkmbkpkmKknsmKVJumqQonWlyDrYppc1JP6t29DTJ7S9vaT+QZbrY+Q850V15/flXDy9fHX7zfQ8/8tV33X9OUt6+9f4rn2gH2+qf/3N2qmma207AxzFXZ5546f6Nnf2D0488e05S/jZ29g/ufPzF+2p/7ke9aZI0IzdNUpTcM0mRctMkRelU+795zDPYppQ2j/luPCWypP48JXJWnhJZKpynRAaoyU0DonDPgEjcNCCK/Pds9DNru0+JPBgMLq3w59gabCX1Z7DNymArFc5gC1CTmwZE4Z4BkbhpQBRFBtut0Wjb09YK3oXBVlJ/BtusDLZS4Qy2ADW5aUAU7hkQiZsGRFHmnnW+o7bbcZ8KecRgK6k/g21WBlupcAZbgJrcNCAK9wyIxE0Doghxzwy2kvoz2GZlsJUKZ7AFqMlNA6Jwz4BI3DQgihD3zGArqT+DbVYGW6lwBluAmtw0IAr3DIjETQOiCHHPDLaS+jPYZmWwlQpnsAWoyU0DonDPgEjcNCCKEPfMYCupP4NtVgZbqXAGW4Ca3DQgCvcMiMRNA6IIcc8MtpL6M9hmZbCVCmewBajJTQOicM+ASNw0IIoQ98xgK6k/g21WBlupcAZbgJrcNCAK9wyIxE0Doghxzwy2kvoz2GZlsJUKZ7AFqMlNA6Jwz4BI3DQgihD3zGArqT+DbVYGW6lwBluAmtw0IAr3DIjETQOiKHfPUkp7KaVhp60V/dEGW0n9GWyzMthKhTPYAtTkpgFRuGdAJG4aEEX+e5ZS2hwbalc92hpsJfVnsM3KYCsVzmALUJObBkThngGRuGlAFPnv2WAwuN6Os7vdl7cv21vBuzDYSurPYJuVwVYqnMEWoCY3DYjCPQMicdOAKIp8h+1wMBhcz/guDLaS+jPYZmWwlQpnsAWoyU0DonDPgEjcNCCKvPdsMBhcWvHPq+1jsJXUn8E2K4OtVDiDLUBNbhoQhXsGROKmAVHkvWcppa32O2wvpZS2uz+/djAYXFrRuzHYSurPYJuVwVYqnMEWoCY3DYjCPQMicdOAKMoMtimlve5Y22kV33lrsJXUn8E2K4OtVDiDLUBNbhoQhXsGROKmAVEUG2wPDSadp0oevfzW9oNZpotN05w9xtsX6+Ltr3vt8PLV4dfe+8GPfP4t91yQlLdv3PPwp9rBtvrn/5ydaZrm1An4OObq9GPPP7Sxs39wxwNPX5CUv42d/YPTjz73YO3P/ag3TZJm5KZJipJ7JilSbpqkKJ1pSj0lcs/vjZ4iebNpmlvaD2SZLnb+Q050V15//tXDy1eH33zfw4989V33n5OUt2+9/8on2sG2+uf/nJ1qmua2E/BxzNWZJ166f2Nn/+D0I8+ek5S/jZ39gzsff/G+2p/7UW+aJM3ITZMUJfdMUqTcNElROtX+bx4ppc05B9vj8JTIkvrzlMhZeUpkqXCeEhmgJjcNiMI9AyJx04Ao8t+zzs+vvTHMdp4SeW8F78JgK6k/g21WBlupcAZbgJrcNCAK9wyIxE0Dosh/z7o/r7anrRW8C4OtpP4MtlkZbKXCGWwBanLTgCjcMyASNw2Iotw96xlrj/tUyCMGW0n9GWyzMthKhTPYAtTkpgFRuGdAJG4aEEWIe2awldSfwTYrg61UOIMtQE1uGhCFewZE4qYBUYS4ZwZbSf0ZbLMy2EqFM9gC1OSmAVG4Z0AkbhoQRYh7ZrCV1J/BNiuDrVQ4gy1ATW4aEIV7BkTipgFRhLhnBltJ/RlsszLYSoUz2ALU5KYBUbhnQCRuGhBFiHtmsJXUn8E2K4OtVDiDLUBNbhoQhXsGROKmAVGEuGcGW0n9GWyzMthKhTPYAtS0Njft7i996Z/+7Je//KKkcv3cH/3RL9f+3F/A2twzgDm4aUAUIe6ZwVZSfwbbrAy2UuEMtgA1rc1Ne9u1az9997Vrw5+9dm1XUv7uvnbtz+/+8pcfq/25v8VU0BoAABY2SURBVIC1uWcAc3DTgChC3DODraT+DLZZGWylwhlsAWpam5t2Y7D90pfO3/3FL75BUuauXXvRYAtQjZsGRFHnnqWUhiml3RX9cQZbSf0ZbLMy2EqFM9gC1LQ2N81gKxXOYAtQk5sGRFH+ng0Gg+sGW4OtVCSDbVYGW6lwBluAmtbmphlspcIZbAFqctOAKMres5TSdjvWGmxrD1nSzZDBNiuDrVQ4gy1ATWtz0wy2UuEMtgA1uWlAFOXu2WAwuNQOtVsGW4OtVCSDbVYGW6lwBluAmtbmphlspcIZbAFqctOAKMrds5TS3mikNdgabKUiGWyzMthKhTPYAtS0NjfNYCsVzmALUJObBkRR5p6llHZTSnudXxtsaw9Z0s2QwTYrg61UOIMtQE1rc9MMtlLhDLYANblpQBT571nnKZA3Oy8z2NYesqSbIYNtVgZbqXAGW4Ca1uamGWylwhlsAWpy04Ao8t6zlNLm6OfWjr18fLC9tf1gluli0zRnj/H2xbp4++teO7x8dfi1937wI59/yz0XJOXtG/c8/Kl2sK3++T9nZ5qmOXUCPo65Ov3Y8w9t7Owf3PHA0xck5W9jZ//g9KPPPVj7cz/qTZOkGa3NTXvjk0/+/N3Xrg3f+NGPXrzrwx++IClvb/vDP/yTn/7c556s/bkf8Z5J0hy5aZKidKbJPNhut+PstDabprml/UCW6WLnP+REd+X15189vHx1+M33PfzIV991/zlJefvW+698oh1sq3/+z9mppmluOwEfx1ydeeKl+zd29g9OP/LsOUn529jZP7jz8Rfvq/25H/WmSdKM1uamvfmzn3373deuDd/8mc+87U1PPXVOUt7u/uIX//jCF77wO7U/9yPeM0maIzdNUpROtf+bxwKD7XF4SmRJ/XlK5Kw8JbJUOE+JDFDT2tw0T4ksFc5TIgPU5KYBUdS5Z36GrcFWKpLBNiuDrVQ4gy1ATWtz0wy2UuEMtgA1uWlAFAbbkgy2UuEMtlkZbKXCGWwBalqbm2awlQpnsAWoyU0DojDYlmSwlQpnsM3KYCsVzmALUNPa3DSDrVQ4gy1ATW4aEEWIe2awldSfwTYrg61UOIMtQE1rc9MMtlLhDLYANblpQBQh7pnBVlJ/BtusDLZS4Qy2ADWtzU0z2EqFM9gC1OSmAVGEuGcGW0n9GWyzMthKhTPYAtS0NjfNYCsVzmALUJObBkQR4p4ZbCX1Z7DNymArFc5gC1DT2tw0g61UOIMtQE1uGhBFiHtmsJXUn8E2K4OtVDiDbTbDYfMdw//1ztslFe6z735F7c//BazNTTPYSoUz2ALUtDY3bfjMW//68GPnb5dUsM9svrL25/4C1uaeTWOwldSfwTYrg61UOINtNsPhlb82fOE9Q0mFu/5zf7P25/8C1uamGWylwhlsAWpam5s2/PQ/+ZHhU+eHkgr2yTc9U/tzfwFrc8+mMdhK6s9gm5XBViqcwTabzmC7O/zKu5OkzP3vd3/GYJuPwVYqnMEWoKa1uWmdwfbK8JNvTpIy99SbXjTY9hgMBpdSSsNuK/zjDbaS+jPYZmWwlQpnsM3mxmD7lXdvD7/y7jdIyt17rhhs8zHYSoUz2ALUtDY37cZg+8mfeu/wk29+g6TMPXX+SwbbMSmlrfGxttPmCt6FwVZSfwbbrAy2UuEMttkYbKXSGWxzMthKhTPYAtS0NjfNYCsVzmB7VEppb3ycTSltty/bXcG7MNhK6s9gm5XBViqcwTYbg61UOoNtTgZbqXAGW4Ca1uamGWylwhlsD0spbbbD7HbP7+0NBoPrK3g3BltJ/RlsszLYSoUz2GZjsJVKZ7DNyWArFc5gC1DT2tw0g61UOIPt/Ay2J2DMkqJnsM3KYCsVzmCbjcFWKp3BNieDrVQ4gy1ATWtz0wy2UuEMtvPp/FzbrRX8cQZbSf0ZbLMy2EqFM9hmY7CVSmewzclgKxXOYAtQ09rcNIOtVDiD7WyjsXZF313bNAZbSZMy2GZlsJUKZ7DNxmArlc5gm5PBViqcwRagprW5aQZbqXAG2+lSSrsTxtpb2w9mmS42TXP2GG9frIu3v+61w8tXh1977wc/8vm33HNBUt6+cc/Dn2oH2+qf/3N2pmmaUyfg45ir0489/9DGzv7BHQ88fUFS/jZ29g9OP/rcg7U/9yPetO/93r9x+/CF9wy/ce0dn/r872xekJS3r/3B2z8yfOE9w7e+8VU/XPvzP+JNe+OTT/783deuDd/40Y9evOvDH74gKW9v+8M//JOf/tznnqz9uR/xnknSHK3NTfu9+370/PCp88P/++GNX/r8A6cvSMrbX2z/5P/4i989999qf+4veM/KDLYppb32aZB3e377lvYDWaaLzbf/Q050V15//tXDy1eH33zfw4989V33n5OUt2+9/8on2sG2+uf/nJ1qmua2E/BxzNWZJ166f2Nn/+D0I8+ek5S/jZ39gzsff/G+2p/7EW/a3//7r/ye4QvvGX7rf77zE1/9j285Jylv33z2nY8MX3jP8MH3/fCran/+R7xpb/7sZ99+97Vrwzd/5jNve9NTT52TlLe7v/jFP77whS/8Tu3P/Yj3rGma737i3r/8r0/e+1f/R1K5/vlPffwHa3/uR7xpz33orruGT50f7n9089JXHzl7TlLe/urjb/rvf/nxn/yD2p/7C96z725ya4fa4WAwuJThj/eUyJL685TIWXlKZKlwnhI5G0+JLJXOUyLn5CmRpcJ5SuSsttPwhe00fPFjg+GupLz97i8Or2+n4fDJfzH8/tqf+wtYm5vmKZGlwnlK5KNGT4OcUtrM9C4MtpL6M9hmZbCVCmewzcZgK5XOYJuTwVYqnME2q+00fOFjg+Hux+4dvkFS3rbvHSaDbT4GW6lwBtvDUkqbo++undDeCt6NwVZSfwbbrAy2UuEMttkYbKXSGWxzMthKhTPYZmWwlcplsM3LYCsVzmB7WEppy2D7bQZbqXAG26wMtlLhDLbZGGyl0hlsczLYSoUz2GZlsJXKZbDNy2ArFc5gW4XBVlJ/BtusDLZS4Qy22RhspdIZbHMy2EqFM9hmZbCVymWwzctgKxXOYFuFwVZSfwbbrAy2UuEMttkYbKXSGWxzMthKhTPYZmWwlcplsM3LYCsVzmBbhcFWUn8G26wMtlLhDLbZGGyl0hlsczLYSoUz2GZlsJXKZbDNy2ArFc5gW4XBVlJ/BtusDLZS4Qy22RhspdIZbHMy2EqFM9hmZbCVymWwzctgKxXOYFuFwVZSfwbbrAy2UuEMttkYbKXSGWxzMthKhTPYZmWwlcplsM3LYCsVzmBbhcFWUn8G26wMtlLhDLbZGGyl0hlsczLYSoUz2GZlsJXKZbDNy2ArFc5gW4XBVlJ/BtusDLZS4Qy22RhspdIZbHMy2EqFM9hmZbCVymWwzctgKxXOYFuFwVZSfwbbrAy2UuEMttkYbKXSGWxzMthKhTPYZmWwlcplsM3LYCsVzmA7WUpp2G2Ff7TBVlJ/BtusDLZS4Qy22RhspdIZbHMy2EqFM9hmZbCVymWwzctgKxXOYNtvfKxd8WhrsJXUn8E2K4OtVDiDbTYGW6l0BtucDLZS4Qy2WRlspXIZbPMy2EqFM9gelVLabQfa7WkvOwaDraT+DLZZGWylwhlsszHYSqUz2OZksJUKZ7DNymArlctgm5fBViqcwfaolNJeSmlv3pcvwWArqT+DbVYGW6lwBttsDLZS6Qy2ORlspcIZbLMy2ErlMtjmZbCVCmewPSyltNl+J+1uz++Nvst285jvxmArqT+DbVYGW6lwBttsDLZS6Qy2ORlspcIZbLMy2ErlMtjmZbCVCmewPawz2B556uOU0rbBVlLWDLZZGWylwhlsszHYSqUz2OZksJUKZ7DNymArlctgm5fBViqcwfawwWBwyWD7bQZbqXAG26wMtlLhDLbZGGyl0hlsczLYSoUz2GZlsJXKZbDNy2ArFc5ge9gC32H7d5qmOb9kZ5qmeXPz8nB7ovuu7/zO97zwjl965mOb7/jtt/+9Oz4gKW8f23zHb7/wjl96pvbnftRu+9lf/jc/cuULv/89Z37mA5Ly9yNXvvD7t7/zV6/U/tyP2Cte0bzrhd/7mWc+/Vv/+N+9/dz3f0BS3n7rvh+98sLv/cwz3/td3/nPan/+R+xVb3rTB37y4x9/5ra3vOVfvuqNb/yApLyd/chHPv2jv/Irj9b+3I/afW995pP3vfU/f+L0D739A5Ly9tY7f/XXfv3iC8/8wPf9o/fX/tyP2E/8g7/9Cy/8xo8/86t3/+Cvvf3M931AUt7+0y/96L//L//qx56q/bm/YHV/hm37y+9qmuaHluxs0zT/sHn5u2wlaZ0727z8j1BqfxyStIrcNEmRctMkRck9kxQpN01SlM42L2+l+aSU9lJKe/O+fAnnm5eHW4B1tzZP4wIwBzcNiMRNA6Jwz4BI3DQgivz3bPSdtN3vsu172TGcbwy2QAweZAKRuGlAJG4aEIV7BkTipgFRlLln7Th7pBX98ecbgy0QgweZQCRuGhCJmwZE4Z4BkbhpQBTl7lmmsbZpDLZAHB5kApG4aUAkbhoQhXsGROKmAVGEuGfnG4MtEEOIowzQctOASNw0IAr3DIjETQOiCHHPzjcGWyCGEEcZoOWmAZG4aUAU7hkQiZsGRBHinp1vDLZADCGOMkDLTQMicdOAKNwzIBI3DYgixD073xhsgRhCHGWAlpsGROKmAVG4Z0AkbhoQRYh7dr4x2AIxhDjKAC03DYjETQOicM+ASNw0IIoQ9+x8Y7AFYghxlAFabhoQiZsGROGeAZG4aUAUIe7Z+cZgC8QQ4igDtNw0IBI3DYjCPQMicdOAKELcs/ONwRaIIcRRBmi5aUAkbhoQhXsGROKmAVGEuGfnG4MtEEOIowzQctOASNw0IAr3DIjETQOiCHHPfrxpmttrfxAAK/B3m6b5W7U/CIAVcdOASNw0IAr3DIjETQOicM8AAAAAAAAAAAAAAAAAAAAAAAAAAAAAYIVSSrsppeG0Mr3fvcFgcD3Hnw3cfGbcsr3x1x8MBtf7Xg6QW+debc16ncFgcGnWn9d3z9w4oJaU0taEx2ObtT82gGlm/f3YPI/LcvHYDlhESmm7545t1/64AJhhnsE2x2hrsAVWadF/fOILXqCmaQPGYDC41P7e7jx/lsEWOCnm+LrSXxQCJ9Y8X1PWGm09tgPmVeMbswBYkc4D0t5/8TzPd4Es+X4NtsDKTLtlfXfMF7xATaPvQOt7LJRS2lvkC2mDLXASjG7XhGc2Gf1DlKrfoQYwzbSvKUd3rNbfY3lsB8xj9Hhs2teZbgnACTbHYLvZ910enZfP/Bc640+L1b7MYAuszIzBdnSvbnxXx/gXvJO+AJ50qxa5gQB9+v4xSWqfumo0aMxza+YdbJf9szqP47bHX9djOaBpDt2Jic8M0Pd1ZXtzdlPnafsWuX+LvN7ovnXH477bBty85v2GhtGvF/kactK9G93Fntu02fP2fe/L16VA0zSTv24be51DX4NOeyzWc5d6/+xFHmONbwTt+93rewzpvgE3pXkfkKbD35nWd7B7H1T2HOJhe4gNtsDKTLtlqednQR5nsF3kBgJM0/3Cc3zMmPfWzDPYTvuzurex84X6Zudloxt6vfOy0ce60mdgAdZTe3MW/ku00T/86H6d2L583vs392OysfcznlsGZB9s++7d6DHWko/3fF0K3DDv47Hu13ZTblPf3+f3Pm6a9zFW6v+5uqN2x/5M9w24OaUlfoZt+vbTK3THj96nh+k7pmnK0zMALGOOW3bkO8PSkoPtIjcQYJrOF8K7419gz3tr5hlsR3/W2BfMo/fdN+xujb3t3tjHNnpbXywDSz97Uucv+A49Tpv3/i3ymGz0vsbe/sYNXvRjB+JJ0/8R8NY8j8Ha1530HbZ99+7IWNEZNcafkWD8WVB8XQrcMO/jse7XnbMei429rPdZOOd9jDVtIxj/M9034KY1a+ToGSqOPLVo5/e2u8e885d+40d/04EFVmnRW7bsYLvIDQSYR/d+9TwV6DyPt6YOtpO+sB57390vmm+8budtDw207dv52UdA0zSH78bYy/sen40//pr0l4FT79+ij8kmfdeJr0uBkVlfU/aMBwsPtj2vO+z7M8Zfv+cf4/m6FDhk0uOxnte78WwBi3xX7oy/X5v6GKvvHwa3r3Pka1X3Dbip9f1F3bR/sTLjKQkO/UuZ9O1/gXhp/M/pewALsKy+W9b5vSP/sm/ZwXaRGwgwr54bNfetmTXYTvriuH2/Rx6rdcfY0e93Psatzv/bz30EmqaZPHrOOdgu8hSfN+7foo/JFhlWgJvTrMF2/PWXGGz7XnfSP3g59GMqFvlxF74uhZvTpHsyruc7bPv+0ci0H6kz7327cQtnbQTLfi0MEM6kkSP1PN1L08x3NDvfHWKwBYqYdMvGf3/065yDbd/NA5hm/IvrRW5NhsF29I9cNlP7VM2dP3O38w/73DqgaZr5vztjnsdf896/RR+TGWyBWWZ9TTnupA+2HqvBzWWR75Yd+xpv0m0atdX3tmPvt+hg674BYU17QNr5ve3OyzbHj/Ukk54Suf1zPPUUsDI5BtvU8/Tti9xAgHmN/2Xdgo+3Vv2UyN2nQd4bPY5r/+JwL3kaKmBMmvNnwS7y+GvW/Vv0MZnBFphlFYNt39eQk163ff1h38sXeEpkX5cCTdMcejw28ZmQOv8YZKtpZv7jud6nL15msF3yKZHdN+DmM8fIceSpX1LPD/7uvnzW644eePrCGFiVGf/45MgzBvR8wbs7/oBw0q1a5AYCzKNv6Jj31swabLtvkw7/6+jRF/QTv7juvv/u688aZYCbT+fO9D4W6vz+XM9wMs/9W+QxmcEWmGXRwXaRryHn+C627lixPf6yCeOwr0uBQzp3oe/HHF6f57FYZ1wd//p06adE7r59OvyPhfcmvC/3Dbg5zTHYHvnX0jOemmB7wtt3n7bgui+MgVXq3LKlnhZvkVu1yA0EmEffF6nz3pp5BtsZP4Oo72mpbtzUzss2O2/nXzsDR3T+0m1aM3+u7AL3b+7HZAZbYJZZfz/W8/qLfA059Ttsl7mXvi4F+sx6LNZ93Vn/eG5CU7/27P4ZY4Pt9pQ/c6mvhQHCmecBaer5Vy1jf2k38S/8mubokR39mb4wBlYlzR5sD924Cf9CufvgcfRUor23apEbCDBL3xep7ctn3pp5BttJf9akj6fzc2p7n2Fg3r/IBG4+k/6Cre9x0qS/4Gua+R9rzft6Bltglnn+fqznbeb6GnLWz7BNh8ffSU+R3Pf2vi4Fjpgwjh4ZOmc8FjtyWzrfpTvzH+D13cJ09B+6jH691NfCAAAAAAAAxzJpqAC4WbiDAAAAAABANYYK4GbQ+W7Z8Z9Ve+RngQMAAAAAABRjsAVuFmnyz8XtfUpmAAAAAACA7Ay2wM2k8zNwRz+T9vrstwIAAAAAAAAAAAAAAAAAAAAAAAAAAAAAAAAAAAAAAAAAAAAAAAAAAAAAAAAAAAAAAAAAAAAAAAAAAAAAAAAAAAAAAAAAAAAAAAAAWDf/HxFCbSl7JIjxAAAAAElFTkSuQmCC