data:image/png;base64,iVBORw0KGgoAAAANSUhEUgAAB2wAAAEsCAYAAAAPckOWAAAgAElEQVR4nO3dYYyse30f9se1cGlrK7XTWlxCk2hTDsI4pz0Q7mnQXnNIa3PgOmjlAzRUIHR8r39Px7o37SqAWodob+zjawkWqQ4CugEBXbxYoooUbwoSqQvrBrUVLLfqCyrdjfLSS3WIhORBQUpeTF/cZ855dvaZ3dndef7Pmd/9fKSvzj2zszNzcOabZ/a780xVAQAAAAAAAAAAAAAAAAAAAAAAAAAAAAAAAAAAAAAAAAAAAAAAAAAAAAAAAAAAAAAAAAAAAAAAAAAAAAAAAAAAAAAAAAAAAAAAAAAAAAAAAAAAAAAAAAAAAAAAAAAAAAAAAAAAAAAAAAAAAEA1mUx+YvLUvW++DPOBof+3BwAAAAAAAF7mJu/5yk9Onro3mTz1u386eep3DtPn6XvfnTx1bzL59d/5e0P/bw8AAAAAAAC8zD0YbJ++95nJ07/9pvT5jd9+82UG24jYi4jt1t+3I2JvWf93qOv6bkQc1HV9OHu7EbFV1/VhXdd3F3iMBxe8z43LPWIAAAAAAADgygy2i4mI44jYmf69GVZ3zvqeRY1Go7WImEzvIyK2Zu57o/n6/hmPb/2867Q1Y+3kvBEYAAAAAAAA6JHB9nzTQbU9bjbj6OYy/m8wHU/PGoAj4igixmd8ffsiA6zBFgAAAAAAAB4BBtvzTcfN0Wi0VlUn3vF67umEm+vuN+/IPeh49+xWM8ZOIuK4ud6p222uN3ckbm7j+BL3eVTX9WHra+sRsdecgvmwfRromdvYPOs+AAAAAAAAgAUYbOdrjZbHzbtRp38/mv79rKGyNbIeNac63p/+fTr+NmPwfuv2diJiffa2WqdNPui4n+mAvH3R+2z+3GluZ3Pme/ciYtz+3uZ62+3vbd/WIv9vDgAAAAAAAGgYbOdrxsidZrA9av39aPp5s/NOKdz6TNmD9uVdpz9e5JTIzW3ut9/p27p8b3p644ve5/TxN4PwePZ7W2PwTuuy49lxdvoYusZmAAAAAAAAYA6D7fmaIXO79fejBcbV6btQu05vfOLzaBcdbFvXmz3F8bg5LfGF73M62E7fmds1QE/fZdy6reMmD+6nGXyNtQAAAAAAAHARBtuztd4pu1FVD09NPO+dta3v24+IyZyv7bS/tuhg23zv8cxnzk5PY7x5mftsDbY7ze3MTeu2tlqXHzf32/nZugAAAAAAAMAZDLbzzX5e7Zy/d36GbfO1Pgbb6bC63vx9f/ru18vc5+xgW9f13XmZub315jTIR63x9mj2dM0AAAAAAADAGQy2881+Xm3zmbWHM3+f9xm2O12fN9t8bb9rPF1wsJ2+43d7+m7fiNi77H12DbbnPYY5j2n6Gbbb538HAAAAAAAAUFWVwfY8zUC7M/P3/fO+r3Wq4hPvwG1G1nFEHLVuc+HBtrntg2ZInp6aePpu2wvf53SgbT2GU/+2Zuzda93W/pz7WPjfAAAAAAAAAFQG2/NMPx+29ffxou8ibUbV8XTcbN6JejD7TtZLDLbTofao/Xm2l7zP7dZlh+3LWuPsicfWvMN4PL299vUu8w5dAAAAAAAAeNky2M4XERsz72Bdv8goORqN1loj6DTH7QG4qi4+2DaPZTzv3bSL3GdzGw8+f3b6va2Btp2dme/baG6zfZ3x7GMBAAAAAAAAzmGwna8ZP+/O+/uiImK9GWU3zrqf6TC84G1u1HV9t+vzahe5z6m6ru/O/pumj+e8f+v0PryrFgAAAAAAAC7JYAsAAAAAAAAwEIMtAAAAAAAAwEAeDLZP/e6fTp76ncP0efredw22AAAAAAAAwCNhMpn8xOSpe998GeYDQ/9vDwAAAAAAAAAAAAAAAAAAAAAAAAAAAAAAAAAAAAAAAAAAAAAAAAAAAAAAAAAAAAAA9K6u67sRsV/X9WFd14cRsT0ajda6rhsRWxFx0Fxvb971AAAAAAAAADhHM8BOmgF2JyL2I2IcEUezY2zztUnz505EHDfXXR/q8QMAAAAAAACspNFotNYMrgfty5t33E4iYqfjsu2O798v96gBAAAAAAAAEoiIzWaE3ez42lFd14etv+9HxLjjensRMXFqZAAAAAAAAIALquv6btfYGhHjmcH2xIDbunyzOaXy3b4fKwAAAAAAAEB6EbHdvPN2q3XZpGuwbZ0qeWv2awAAAAAAAABcQOs0yUczl5832O7Mfg0AAAAAAACABUXE1nSsnT1N8gKD7XZVVa+squrVV8hjV/x+EREREREREREREREREZEhcjWt0yCfGmubr4/PGmybz7B9RVVVP3PJ3Kmq6sYVvl9E5FHJteqlX0AZ+nGIiCwjOk1EMkWniUiW6DMRyRSdJiJZcq3583IiYr8Za/fnXaeu68PZ0yQ33zsdejcu/QBecqeqqjdc8TYAHgWvrq5SygCPFp0GZKLTgCz0GZCJTgOyuHyfRcTeeWNtc73pMLvevrwZco8vdecnGWyBLBxkApnoNCATnQZkoc+ATHQakMXl+qz1+bNHdV3fnU37XbOj0WgtIsYRcTQdbVsj7tYS/hEGWyALB5lAJjoNyESnAVnoMyATnQZkcbk+a50KuTOzn1kbERsRcTxzvZ0l/SMMtkAWDjKBTHQakIlOA7LQZ0AmOg3I4tKD7UbXO2u73mHbNv36aDRau+ojbzHYAlk4yAQy0WlAJjoNyEKfAZnoNCCLFH1msAWySFHKAA2dBmSi04As9BmQiU4DskjRZwZbIIsUpQzQ0GlAJjoNyEKfAZnoNCCLFH1msAWySFHKAA2dBmSi04As9BmQiU4DskjRZwZbIIsUpQzQ0GlAJjoNyEKfAZnoNCCLFH1msAWyWKlS/ut/8P/91Tfv/sv/TkQK5svfX6VjnpXqNIBz6DQgC30GZKLTgCxS9JnBFshipUr5zbs/+I3Hd38wefOX/uWfikj/eXz3B5PH/6cfPD30c/8CVqrTAM6h04As9BmQiU4Dslhen0XERkSsn3Wduq7v1nV9dzQarS3lTl9isAWyWKmDzDfv/uA3bu7+4M9ufvEHbxKRAtn9wZ8ZbAEGo9OALPQZkIlOA7JYTp81Y+04InbmfH2r+fqklb0r3/FLDLZAFit1kGmwFSkcgy3AkHQakIU+AzLRaUAWV++zuq7vtsbYU4NtRKxHxKSu68PpO3AjYnuJo63BFshipQ4yDbYihWOwBRiSTgOy0GdAJjoNyOLyfTYajdYiYr8ZXs8abHear504XXIz4I4v97hPMNgCWazUQabBVqRwDLYAQ9JpQBb6DMhEpwFZXL7PmnfWTt85u3nGYDt9N+3mzOVHEXF8ucd9gsEWyGKlDjINtiKFY7AFGJJOA7LQZ0AmOg3I4vJ91nxu7VZVPRxvuwbb5p24RxFxHBFbzXUPmutvXe3xV1VlsAXyWKmDTIOtSOEYbAGGpNOALPQZkIlOA7JYTp+dNdi2vj49bfI0+1e+45cYbIEsVuog02ArUjgGW4Ah6TQgC30GZKLTgCz6H2xbp0veH41Ga81lWxExruv68Mp3brAF8lipg0yDrUjhGGwBhqTTgCz0GZCJTgOyKDLYHnd9Vu3MZ9u+snkwl8mdqqoev8L3i4g8KrlRVdW1R+BxLJTrH//Oh2/u3h+/bvPLt0Wk/9zcvT++/rFvf2jo537WThMROSc6TUSyRJ+JSKboNBHJkhtVgcG28/THM9/ziuaBXCZ3Wv8QEZFVzrWqqh57BB7HQrnx6aNnb+7eH19//ltPiEj/ubl7f/zGT734zNDP/aydJiJyTnSaiGSJPhORTNFpIpIl15o/r+acwbbz1Met79m+4t07JTKQxaurZZRyIU6JLFI4TokMMCSdBmShz4BMdBqQxXL67JzBdr/52sbM5QfN5etXvHuDLZDFSh1kGmxFCsdgCzAknQZkoc+ATHQakEX/g+1oNFqLiKOIGDfj7U7z90lEbF35zg22QB4rdZBpsBUpHIMtwJB0GpCFPgMy0WlAFsvps4jYqOv6cN4A24y223VdHzbX2599x+0VGGyBLFbqINNgK1I4BluAIek0IAt9BmSi04AsUvSZwRbIYqVK2WArUjgGW4Ah6TQgC30GZKLTgCxS9JnBFshipUrZYCtSOAZbgCHpNCALfQZkotOALFL0mcEWyGKlStlgK1I4BluAIek0IAt9BmSi04AsUvSZwRbIYqVK2WArUjgGW4Ah6TQgC30GZKLTgCxS9JnBFshipUrZYCtSOAZbgCHpNCALfQZkotOALFL0mcEWyGKlStlgK1I4BluAIek0IAt9BmSi04AsUvSZwRbIYqVK2WArUjgGW4Ah6TQgC30GZKLTgCyW12cRsVXX9d15Xx+NRmsRsRUROxGxNRqN1pZyxwZbII+VOsg02IoUjsEWYEg6DchCnwGZ6DQgi+X0WTPETiJip+vrdV3fjYhxRIzruj5srnscEetXvnODLZDHSh1kGmxFCsdgCzAknQZkoc+ATHQakMXV+6x5x+xk3mAbEevNWHs0fVdtRGw0lx1c6c5fYrAFslipg0yDrUjhGGwBhqTTgCz0GZCJTgOyuHyfNUPscTPUHp0x2O41X1ufuXw/IiZLODWywRbIYqUOMg22IoVjsAUYkk4DstBnQCY6Dcji8n3WnOZ4EhE77f+evV5EHNV1fTjn+3cMtgAPrNRBpsFWpHAMtgBD0mlAFvoMyESnAVlc+R2261V1crztuN4kIvaa/95sTqG8vYShdspgC2SxUgeZBluRwjHYAgxJpwFZ6DMgE50GZLGcPltksG1Om3xc1/Vh8/m144jYuPKdG2yBPFbqINNgK1I4BluAIek0IAt9BmSi04Asig22J742Go3WmgF37JTIAA+s1EGmwVakcAy2AEPSaUAW+gzIRKcBWRQbbI87Lt9svrZVVdUrmwdzmdypqurxK3y/iMijkhtVVV17BB7HQrn+8e98+Obu/fHrNr98W0T6z83d++PrH/v2h4Z+7mftNBGRc6LTRCRL9JmIZIpOE5EsuVEVGGzHdV0fnvM9r2geyGVyp/UPERFZ5VyrquqxR+BxLJQbnz569ubu/fH157/1hIj0n5u798dv/NSLzwz93M/aaSIi50SniUiW6DMRyRSdJiJZcq3582rOGWz3I2LccflW8z2bV7x7p0QGsnh1tYxSLsQpkUUKxymRAYak04As9BmQiU4DslhOn5012La+tj+9rPUZtqdOlXwJBlsgi5U6yDTYihSOwRZgSDoNyEKfAZnoNCCL/gfbqjrxbtrjuq4PI2LcZOPKd26wBfJYqYNMg61I4RhsAYak04As9BmQiU4DslhOn0XEekTs1HV995zrbEfETkRsjUajtSvf8UsMtkAWK3WQabAVKRyDLcCQdBqQhT4DMtFpQBYp+sxgC2SxUqVssBUpHIMtwJB0GpCFPgMy0WlAFin6zGALZLFSpWywFSkcgy3AkHQakIU+AzLRaUAWKfrMYAtksVKlbLAVKRyDLcCQdBqQhT4DMtFpQBYp+sxgC2SxUqVssBUpHIMtwJB0GpCFPgMy0WlAFin6zGALZLFSpWywFSkcgy3AkHQakIU+AzLRaUAWKfrMYAtksVKlbLAVKRyDLcCQdBqQhT4DMtFpQBYp+sxgC2SxUqVssBUpHIMtwJB0GpCFPgMy0WlAFsvrs4jYj4itBa97EBF7S7ljgy2Qx0odZBpsRQrHYAswJJ0GZKHPgEx0GpDFcvqsGWsnEbGzwHX3ImJS1/Xhle/4JQZbIIuVOsg02IoUjsEWYEg6DchCnwGZ6DQgi6v1WUSs13V92Iy15w62EbE5va7BFuCUlTrINNiKFI7BFmBIOg3IQp8Bmeg0IIvL91lEbLSG2nPfYTsajdYiYhwROwZbgE4rdZBpsBUpHIMtwJB0GpCFPgMy0WlAFpfvs7qu70bEcV3Xd5v/PnOwrev6cDrSGmwBOq3UQabBVqRwDLYAQ9JpQBb6DMhEpwFZXL7PRqPR2vS/zxtsm3fVjqffY7AF6LRSB5kGW5HCMdgCDEmnAVnoMyATnQZksZw+O2uwbX1tc3qZwRag00odZBpsRQrHYAswJJ0GZKHPgEx0GpBFv4Nt87m1xxGx1768Y7B9ZfNgLpM7VVU9foXvFxF5VHKjqqprj8DjWCjXP/6dD9/cvT9+3eaXb4tI/7m5e398/WPf/tDQz/2snSYick50mohkiT4TkUzRaSKSJTeqPgfb5lTIk+nn107TXHfc/PdWVVWvaB7IZXKn9Q8REVnlXKuq6rFH4HEslBufPnr25u798fXnv/WEiPSfm7v3x2/81IvPDP3cz9ppIiLnRKeJSJboMxHJFJ0mIllyrfnzauYNts3lOx2ZNO+83anr+u4V794pkYEsXl0to5QLcUpkkcJxSmSAIek0IAt9BmSi04AsltNnZ32GbRefYQvQaaUOMg22IoVjsAUYkk4DstBnQCY6DcjCYAvwCFmpg0yDrUjhGGwBhqTTgCz0GZCJTgOyMNgCPEJW6iDTYCtSOAZbgCHpNCALfQZkotOALJbTZ6PRaK0ZbdcXuX5z3Y0r3/FLDLZAFit1kGmwFSkcgy3AkHQakIU+AzLRaUAWKfrMYAtksVKlbLAVKRyDLcCQdBqQhT4DMtFpQBYp+sxgC2SxUqVssBUpHIMtwJB0GpCFPgMy0WlAFin6zGALZLFSpWywFSkcgy3AkHQakIU+AzLRaUAWKfrMYAtksVKlbLAVKRyDLcCQdBqQhT4DMtFpQBYp+sxgC2SxUqVssBUpHIMtwJB0GpCFPgMy0WlAFin6zGALZLFSpWywFSkcgy3AkHQakIU+AzLRaUAWy+uziNiIiPWzrlPX9d26ru+ed70LMtgCWazUQabBVqRwDLYAQ9JpQBb6DMhEpwFZLKfPmrF2HBE7c76+1Xx9Mk1d14ej0WjtyndusAXyWKmDTIOtSOEYbAGGpNOALPQZkIlOA7K4ep8175idjrGnBtvm65OI2J8OtBGxGRHjuq4Pr3TnLzHYAlms1EGmwVakcAy2AEPSaUAW+gzIRKcBWVy+z0aj0VpE7Ddj7NzBNiIOImLccflO8z0bl3oADxlsgSxW6iDTYCtSOAZbgCHpNCALfQZkotOALC7fZ9N3ztZ1fdi8Y3beYLsXEXsdl28233/3Ug/gIYMtkMVKHWQabEUKx2ALMCSdBmShz4BMdBqQxeX7rPnc2q2qOnHa487PsJ3z/dN3565f6gE8ZLAFslipg0yDrUjhGGwBhqTTgCz0GZCJTgOyWE6fXXSwjYit6efaXvnODbZAHit1kGmwFSkcgy3AkHQakIU+AzLRaUAW5Qfb1umTj0aj0dqV79xgC+SxUgeZBluRwjHYAgxJpwFZ6DMgE50GZFF2sG29s3Z2rH1l82AukztVVT1+he8vljf87M/+xf/hLbffLCJlM/Rz/wK5UVXVtUfgcSyU6x//zodv7t4fv27zy7dFpP/c3L0/vv6xb39o6Od+1k4TETknOk1EskSfiUim6DQRyZIbVanBNiL2muscdLyz9hXNA7lM7rT+IY90nnvDrVdNnro3EZGyGfq5f4Fcq6rqsUfgcSyUG58+evbm7v3x9ee/9YSI9J+bu/fHb/zUi88M/dzP2mkiIudEp4lIlugzEckUnSYiWXKt+fNqzhtsI2J/iZ9ZO2tlTok8ec9zPz156t5k8uv3diZP/3aISN+5t98Mtqvi1dUySrkQp0QWKRynRAYYkk4DstBnQCY6DchiOX121mAbEds9jrVVtZKD7d9/bvL0b79JRHrOr9/bMdj2x2ArUjgGW4Ah6TQgC30GZKLTgCyKDLbjiJjUdX3YlYjYuOLdG2xFpDsG214ZbEUKx2ALMCSdBmShz4BMdBqQxXL6LCI2mvF1q+vys2KwFZHeYrDtlcFWpHAMtgBD0mlAFvoMyESnAVmk6DODrYh0x2DbK4OtSOEYbAGGpNOALPQZkIlOA7JI0WcGWxHpjsG2VwZbkcIx2AIMSacBWegzIBOdBmSRos8MtiLSHYNtrwy2IoVjsAUYkk4DstBnQCY6DcgiRZ8ZbEWkOwbbXhlsRQrHYAswJJ0GZKHPgEx0GpBFij4z2IpIdwy2vTLYihSOwRZgSDoNyEKfAZnoNCCLFH1msBWR7hhse2WwFSkcgy3AkHQakIU+AzLRaUAWKfrMYCsi3THY9spgK1I4BluAIek0IAt9BmSi04AsltdnEbFV1/XdM76+HhHbEbETEZtLudOXGGxFpDsG214ZbEUKx2ALMCSdBmShz4BMdBqQxXL6LCK2ImISETvnfP24ruvDiJjUdX04Go3WrnznBlsRmReDba8MtiKFY7AFGJJOA7LQZ0AmOg3I4up91rxjdjJvsG3eWTuJiP3WZRtnDbwXZLAVke4YbHtlsBUpHIMtwJB0GpCFPgMy0WlAFpfvs2aIPW6G16MzBtu9iJjMvps2IvYjYny5x32CwVZEumOw7ZXBVqRwDLYAQ9JpQBb6DMhEpwFZXL7P6rq+Ox1p2//dcb3Duq4PZy+fnib5rM+9XZDBVkS6Y7DtlcFWpHAMtgBD0mlAFvoMyESnAVlc+R2261V1crztuN6ka7Btfc/mpR7AQwZbEemOwbZXBluRwjHYAgxJpwFZ6DMgE50GZLGcPrviYHvVz7E12IpIdwy2vTLYihSOwRZgSDoNyEKfAZnoNCALg21JBluRwjHY9spgK1I4BluAIek0IAt9BmSi04Ashh9sm8+wfWXzYC6TO1VVPX6F7y+WO695/WsnT92bfP99H/nEV9/+/tsi0m9++P6PfqkZbAd//i+YG1VVXXsEHsdCuf7x73z45u798es2v3xbRPrPzd374+sf+/aHhn7uZ+00EZFzotNEJEv0mYhkik4TkSy5UfU92NZ1fdg12EbEVmuwfUXzQC6TO61/yCOd595w61WTp+5NfvSBjz7/vXc/+4SI9Jsff/C5zzeD7eDP/wVzraqqxx6Bx7FQbnz66Nmbu/fH15//1hMi0n9u7t4fv/FTLz4z9HM/a6eJiJwTnSYiWaLPRCRTdJqIZMm15s+rOecdtnsRMRmNRmszl+9HxPjKd+6UyCIyL06J3CunRBYpHKdEBhiSTgOy0GdAJjoNyGI5fXbOYLvefG2/ddnGkj6/tqoMtiIyLwbbXhlsRQrHYAswJJ0GZKHPgEx0GpBF/4NtVT08/XFEHNd1fTj9XNvZd91eksFWRLpjsO2VwVakcAy2AEPSaUAW+gzIRKcBWSynz5p30e40n0d75nWabF75Th8y2IpIdwy2vTLYihSOwRZgSDoNyEKfAZnoNCCLFH1msBWR7hhse2WwFSkcgy3AkHQakIU+AzLRaUAWKfrMYCsi3THY9spgK1I4BluAIek0IAt9BmSi04AsUvSZwVZEumOw7ZXBVqRwDLYAQ9JpQBb6DMhEpwFZpOgzg62IdMdg2yuDrUjhGGwBhqTTgCz0GZCJTgOySNFnBlsR6Y7BtlcGW5HCMdgCDEmnAVnoMyATnQZkkaLPDLYi0h2Dba8MtiKFY7AFGJJOA7LQZ0AmOg3IIkWfGWxFpDsG214ZbEUKx2ALMCSdBmShz4BMdBqQRZk+G41GaxGxXdf1YV3XhxGxFxHrS7p5g62IdMdg2yuDrUjhGGwBhqTTgCz0GZCJTgOyKNNnEXEUEZOI2I+InYg4johxRGws4eYNtiLSHYNtrwy2IoVjsAUYkk4DstBnQCY6Dcii/z6LiK1mrN2aXta84/Y4Io6WcBcGWxHpjsG2VwZbkcIx2AIMSacBWegzIBOdBmRRZLDdaQbbE6dAbk6NvIwhxWArIt0x2PbKYCtSOAZbgCHpNCALfQZkotOALPrvs7qu7zaD7d70sojYaE6JfLCEuzDYikh3DLa9MtiKFI7BFmBIOg3IQp8Bmeg0IItin2G72Qy0x9N31kbEwWg0WlvCzRtsRaQ7BtteGWxFCsdgCzAknQZkoc+ATHQakEX/fTYajdaakXYcEXvNKZKPm79vLuEuDLYi0h2Dba8MtiKFY7AFGJJOA7LQZ0AmOg3Ioshn2O4376jdaF/eGnHXq6p6ZfNgLpM7VVU9foXvL5Y7r3n9aydP3Zt8/30f+cRX3/7+2yLSb374/o9+qRlsB3/+L5gbVVVdewQex0K5/vHvfPjm7v3x6za/fFtE+s/N3fvj6x/79oeGfu5n7TQRkXOi00QkS/SZiGSKThORLLlRFRhsJ3VdH85e3vps2+2qql7RPJDL5E7rH/JI57k33HrV5Kl7kx994KPPf+/dzz4hIv3mxx987vPNYDv483/BXKuq6rFH4HEslBufPnr25u798fXnv/WEiPSfm7v3x2/81IvPDP3cz9ppIiLnRKeJSJboMxHJFJ0mIllyrfmzP80ouz97eWuw3bniXTglsoh0xymRe+WUyCKF45TIAEPSaUAW+gzIRKcBWfTfZxFxFBHHHZdvNYPtVT/H1mArIt0x2PbKYCtSOAZbgCHpNCALfQZkotOALIoMtpvTd9k2n1c7vWwcEUdLuAuDrYh0x2DbK4OtSOEYbAGGpNOALPQZkIlOA7Io02fNu2nHzXA7zcFoNFpbws0bbEWkOwbbXhlsRQrHYAswJJ0GZKHPgEx0GpBF2T6r6/pu89m160u8WYOtiHTHYNsrg61I4RhsAYak04As9BmQiU4DskjRZwZbEemOwbZXBluRwjHYAgxJpwFZ6DMgE50GZJGizwy2ItIdg22vDLYihWOwBRiSTgOy0GdAJjoNyCJFnxlsRaQ7BtteGWxFCsdgCzAknQZkoc+ATHQakEWKPjPYikh3DLa9MtiKFI7BFmBIOg3IQp8Bmeg0IIsUfWawFZHuGGx7ZbAVKRyDLcCQdBqQhT4DMtFpQBYp+sxgKyLdMdj2ymArUjgGW4Ah6TQgC30GZKLTgCzK9llErNd1fTci1pd4swZbEemOwbZXBluRwjHYAgxJpwFZ6DMgE/C4Nt0AAB59SURBVJ0GZFGmz5qh9jAiJq0cjEajtSXcvMFWRLpjsO2VwVakcAy2AEPSaUAW+gzIRKcBWfTfZ6PRaC0ijiJiXNf13aqqqojYbkbbvSXchcFWRLpjsO2VwVakcAy2AEPSaUAW+gzIRKcBWfTfZ9NxdjrWti4/iIjxEu7CYCsi3THY9spgK1I4BluAIek0IAt9BmSi04As+u+z5lTIR7OXR8RW87Wrfp6twVZEumOw7ZXBVqRwDLYAQ9JpQBb6DMhEpwFZFHmH7SQi9qvqpdMj13V9NyI2lngXBlsR6Y7BtlcGW5HCMdgCDEmnAVnoMyATnQZkUWyw3YmIvea/J80pkg9Ho9HaEu7CYCsi3THY9spgK1I4BluAIek0IAt9BmSi04Asig224+Yza9erqqqad9mOu06VfAkGWxHpjsG2VwZbkcIx2AIMSacBWegzIBOdBmRRbrCdfTdtRGw1X9usquqVzYO5TO5UVfX4Fb6/WO685vWvnTx1b/L9933kE199+/tvi0i/+eH7P/qlZrAd/Pm/YG5UVXXtEXgcC+X6x7/z4Zu798ev2/zybRHpPzd374+vf+zbHxr6uZ+100REzolOE5Es0Wcikik6TUSy5EZVYrCt6/pw9vLmXbaTiNipquoVzQO5TO60/iGPdJ57w61XTZ66N/nRBz76/Pfe/ewTItJvfvzB5z7fDLaDP/8XzLWqqh57BB7HQrnx6aNnb+7eH19//ltPiEj/ubl7f/zGT734zNDP/aydJiJyTnSaiGSJPhORTNFpIpIl15o/+9OcCvm44/LNZrDduuJdOCWyiHTHKZF75ZTIIoXjlMgAQ9JpQBb6DMhEpwFZ9N9nrVMfb81cftB1quRLMNiKSHcMtr0y2IoUjsEWYEg6DchCnwGZ6DQgizJ9FhH7zWi7HxE7dV0fLundtVVlsBWReTHY9spgK1I4BluAIek0IAt9BmSi04AsyvVZ807bg2as3a/r+u6SbtpgKyLdMdj2ymArUjgGW4Ah6TQgC30GZKLTgCxS9JnBVkS6Y7DtlcFWpHAMtgBD0mlAFvoMyESnAVmk6DODrYh0x2DbK4OtSOEYbAGGpNOALPQZkIlOA7JI0WcGWxHpjsG2VwZbkcIx2AIMSacBWegzIBOdBmSRos8MtiLSHYNtrwy2IoVjsAUYkk4DstBnQCY6DcgiRZ8ZbEWkOwbbXhlsRQrHYAswJJ0GZKHPgEx0GpBFij4z2IpIdwy2vTLYihSOwRZgSCvTaU9+85v/xa/+yZ+8KCLl8jf/2T/720M/9y9gZfoMYAE6DcgiRZ8ZbEWkOwbbXhlsRQrHYAswpJXptHceHPzykwcHk189ONgXkf7z5MHBnz35J3/y8aGf+xewMn0GsACdBmQxTJ9FxHZEbC3p5gy2ItIdg22vDLYihWOwBRjSynTag8H2m9+89eQ3vvEmEek5BwcvGmwBBqPTgCzK91lEbEXEpK7rwyXdpMFWRLpjsO2VwVakcAy2AENamU4z2IoUjsEWYEg6DciibJ9FxEZEjA22BluRIjHY9spgK1I4BluAIa1MpxlsRQrHYAswJJ0GZFF8sD2KiAODrcFWpEgMtr0y2IoUjsEWYEgr02kGW5HCMdgCDEmnAVmU67OI2IuI49FotGawNdiKFInBtlcGW5HCMdgCDGllOs1gK1I4BluAIek0IIsyfRYRmxExiYiN5u8G26GHLJGXQwy2vTLYihSOwRZgSCvTaQZbkcIx2AIMSacBWfTfZxGx3nxu7U7rMoPt0EOWyMshBtteGWxFCsdgCzCklek0g61I4RhsAYak04As+u+zuq4PZ8dZg63BVqRIDLa9MtiKFI7BFmBIK9NpBluRwjHYAgxJpwFZ9NtnEbHdnAp5LyJ2WplExHFE7NR1fbeqqlc2D+YyuVNV1eNX+P5iufOa17928tS9yfff95FPfPXt778tIv3mh+//6JeawXbw5/+CuVFV1bVH4HEslOsf/86Hb+7eH79u88u3RaT/3Ny9P77+sW9/aOjnftZOExE5JyvTaW/5zGf+1pMHB5O3fPKTd978e793W0T6zTv/+I//xS//0R99ZujnfsY+ExFZIDpNRLLkRtXzYLs1fYdtO81gO27+e6uqqlc0D+QyudP6hzzSee4Nt141eere5Ecf+Ojz33v3s0+ISL/58Qef+3wz2A7+/F8w16qqeuwReBwL5canj569uXt/fP35bz0hIv3n5u798Rs/9eIzQz/3s3aaiMg5WZlOe9tXvvKuJw8OJm/b23vnW7/whSdEpN88+Y1v/PPbX//67w/93M/YZyIiC0SniUiWXGv+LMspkZ0SWaRInBK5V06JLFI4TokMMKSV6TSnRBYpHKdEBhiSTgOyGKbPDLYGW5EiMdj2ymArUjgGW4AhrUynGWxFCsdgCzAknQZkYbAtyWArUjgG214ZbEUKx2ALMKSV6TSDrUjhGGwBhqTTgCwGG2x3ms+uXQaDrYh0x2DbK4OtSOEYbAGGtDKdZrAVKRyDLcCQdBqQRYo+M9iKSHcMtr0y2IoUjsEWYEgr02kGW5HCMdgCDEmnAVmk6DODrYh0x2DbK4OtSOEYbAGGtDKdZrAVKRyDLcCQdBqQRYo+M9iKSHcMtr0y2IoUjsEWYEgr02kGW5HCMdgCDEmnAVmk6DODrYh0x2DbK4OtSOEYbAGGtDKdZrAVKRyDLcCQdBqQRYo+M9iKSHcMtr0y2IoUjsG2N5NJ9ROT/+vXXiMihfOV9/zk0M//C1iZTjPYihSOwRZgSCvTaZOvvePfnnz21mtEpGD21n926Of+BaxMn53FYCsi3THY9spgK1I4BtveTCbP/VuTF947EZHCOfyb/+7Qz/8LWJlOM9iKFI7BFmBIK9Npkz/4z39h8oVbExEpmC++9WtDP/cvYGX67CwGWxHpjsG2VwZbkcIx2PamNdjuT777nhCRnvN/v2fPYNsfg61I4RhsAYa0Mp3WGmyfm3zxbSEiPecLb33RYNthNBqtRcR2XdeHdV0fRsR+Xdd3l3TzBlsR6Y7BtlcGW5HCMdj25sFg+9337Ey++543iUjfee9zBtv+GGxFCsdgCzCklem0B4PtF//G+yZffNubRKTnfOHWNw22M5qx9igixhGxFxE7zd8nEbG1hLsw2IpIdwy2vTLYihSOwbY3BluR0jHY9slgK1I4BluAIa1MpxlsRQrHYHtaM9BOImKjfXnzTtvxaDRau+JdGGxFpDsG214ZbEUKx2DbG4OtSOkYbPtksBUpHIMtwJBWptMMtiKFY7A9rXk37VHH5ZsRMVnCqZENtiLSHYNtrwy2IoVjsO2NwVakdAy2fTLYihSOwRZgSCvTaQZbkcIx2J4WEeuz765tLt822IpIrzHY9spgK1I4BtveGGxFSsdg2yeDrUjhGGwBhrQynWawFSkcg+1ims+1PY6I4yXcnMFWRLpjsO2VwVakcAy2vTHYipSOwbZPBluRwjHYAgxpZTrNYCtSOAbbxTSnSZ5ExOYSbs5gKyLdMdj2ymArUjgG294YbEVKx2DbJ4OtSOEYbAGGtDKdZrAVKRyD7dmad9ZOx9qt1pde2TyYy+ROVVWPX+H7i+XOa17/2slT9ybff99HPvHVt7//toj0mx++/6NfagbbwZ//C+ZGVVXXHoHHsVCuf/w7H765e3/8us0v3xaR/nNz9/74+se+/aGhn/sZO+3nfu7fec3khfdOfniw8aWv/v76bRHpN9//p+/6xOSF907e8Zaf/ytDP/8zdtpbPvOZv/XkwcHkLZ/85J03/97v3RaRfvPOP/7jf/HLf/RHnxn6uZ+xz0REFsjKdNofPvOLtyZfuDX5f3/v5m9+dfP6bRHpN/9q55f+j3/1D5/434Z+7l+wz8oMts1n2XaNtVVVVa9oHshlcqd6+A95pPPcG269avLUvcmPPvDR57/37mefEJF+8+MPPvf5ZrAd/Pm/YK5VVfXYI/A4FsqNTx89e3P3/vj68996QkT6z83d++M3furFZ4Z+7mfstLW1n/1zkxfeO/nx//lrn//e//z2J0Sk3/zoW7/2/OSF904+9IG/8vNDP/8zdtrbvvKVdz15cDB5297eO9/6hS88ISL95slvfOOf3/76139/6Od+xj6rqupnPv30v/5fP/P0v/l/RKRc/qu/8bm/NPRzP2Onffu33/zmyRduTe5/cv3u955//AkR6Tf/5nNv/d//9ed+6Z8O/dy/YJ/9TNW3iNiIiHGTjSXfvFMii0h3nBK5V06JLFI4ToncG6dEFikdp0Tuk1MiixSOUyL3aicmL+zE5MXP1pN9Eek3//A3Joc7MZl85r+e/IWhn/sXsDKd5pTIIoXjlMinNe+s7WusrSqDrYjMi8G2VwZbkcIx2PbGYCtSOgbbPhlsRQrHYNurnZi88Nl6sv/ZpydvEpF+s/P0JAy2/THYihSOwfa0uq4Pm9Mgb9d1fXc2o9Fo7Yp3YbAVke4YbHtlsBUpHINtbwy2IqVjsO2TwVakcAy2vTLYipSLwbZfBluRwjHYntS8u3ZyVuq6vnvFuzHYikh3DLa9MtiKFI7BtjcGW5HSMdj2yWArUjgG214ZbEXKxWDbL4OtSOEYbE8ajUZrXe+q9Q5bg61IkRhse2WwFSkcg21vDLYipWOw7ZPBVqRwDLa9MtiKlIvBtl8GW5HCMdgOwmArIt0x2PbKYCtSOAbb3hhsRUrHYNsng61I4Rhse2WwFSkXg22/DLYihWOwHYTBVkS6Y7DtlcFWpHAMtr0x2IqUjsG2TwZbkcIx2PbKYCtSLgbbfhlsRQrHYDsIg62IdMdg2yuDrUjhGGx7Y7AVKR2DbZ8MtiKFY7DtlcFWpFwMtv0y2IoUjsF2EAZbEemOwbZXBluRwjHY9sZgK1I6Bts+GWxFCsdg2yuDrUi5GGz7ZbAVKRyD7SAMtiLSHYNtrwy2IoVjsO2NwVakdAy2fTLYihSOwbZXBluRcjHY9stgK1I4BttBGGxFpDsG214ZbEUKx2DbG4OtSOkYbPtksBUpHINtrwy2IuVisO2XwVakcAy2gzDYikh3DLa9MtiKFI7BtjcGW5HSMdj2yWArUjgG214ZbEXKxWDbL4OtSOEYbLuNRqO1iNiPiHFETCLiqK7ru0u6eYOtiHTHYNsrg61I4Rhse2OwFSkdg22fDLYihWOw7ZXBVqRcDLb9MtiKFI7BtltEHDVj7VZd13cj4iAiJksabQ22ItIdg22vDLYihWOw7Y3BVqR0DLZ9MtiKFI7BtlcGW5FyMdj2y2ArUjgG29MiYqtrnI2I47quD5dwFwZbEemOwbZXBluRwjHY9sZgK1I6Bts+GWxFCsdg2yuDrUi5GGz7ZbAVKRyD7WnNu2mPOy7faU6PvH7FuzDYikh3DLa9MtiKFI7BtjcGW5HSMdj2yWArUjgG214ZbEXKxWDbL4OtSOEYbE+b907a5tTIyzgtssFWRLpjsO2VwVakcAy2vTHYipSOwbZPBluRwjHY9spgK1IuBtt+GWxFCsdge1ozys4dbCNi+4p3YbAVke4YbHtlsBUpHINtbwy2IqVjsO2TwVakcAy2vTLYipSLwbZfBluRwjHYnrbAYLtzxbsw2IpIdwy2vTLYihSOwbY3BluR0jHY9slgK1I4BtteGWxFysVg2y+DrUjhGGxPW2Cw3aqq6j+oqurWJXOjqqq3VS8Nt490fvqnfuq9L2z85tc+u76x/a7/6HUjEek3n13f2H5h4ze/NvRzP2se+9W//d//wnNf/8d/7savjESk//zCc1//x6/5td96bujnfsb85E9W737hD3/la3/wu//ZP3jXE39hJCL95nef+cXnXvjDX/naz/30T/2XQz//M+bn3/rW0S997nNfe+ztb/9vfv4tbxmJSL95/BOf+INf/Dt/52NDP/ez5pl3fO2Lz7zjn3z++l9+10hE+s073vhbf/fv3Xnha3/xz/+nHxz6uZ8xf/0//vd//YW//9e+9ltP/qW/+64bf34kIv3mH/3mL/6P/8t/+1e/MPRz/4J5JD7D9qerqvrLl8zjVVX9J9VL77IVEVnlPF699EsoQz8OEZFlRKeJSKboNBHJEn0mIpmi00QkSx6vXtpK+xMRBxFx3HH5TvMO2/Ur3sWt6qXhFmDVrcxpXAAWoNOATHQakIU+AzLRaUAWRU6JvNV6J2378s533l7CrcpgC+TgIBPIRKcBmeg0IAt9BmSi04AsyvRZRBxFxDgitppTIR90jbiXdKsy2AI5OMgEMtFpQCY6DchCnwGZ6DQgizJ9NhqN1iJivzkF8iQijpY01laVwRbIw0EmkIlOAzLRaUAW+gzIRKcBWaTos1uVwRbIIUUpAzR0GpCJTgOy0GdAJjoNyCJFn92qDLZADilKGaCh04BMdBqQhT4DMtFpQBYp+uxWZbAFckhRygANnQZkotOALPQZkIlOA7JI0We3KoMtkEOKUgZo6DQgE50GZKHPgEx0GpBFij67VRlsgRxSlDJAQ6cBmeg0IAt9BmSi04AsUvTZrcpgC+SQopQBGjoNyESnAVnoMyATnQZkkaLPblUGWyCHFKUM0NBpQCY6DchCnwGZ6DQgixR9dqsy2AI5pChlgIZOAzLRaUAW+gzIRKcBWaTos1uVwRbIIUUpAzR0GpCJTgOy0GdAJjoNyCJFn/21qqpeM/SDAFiC/7Cqqn9v6AcBsCQ6DchEpwFZ6DMgE50GZKHPAAAAAAAAAAAAAAAAAAAAcoqIjbqu73YlIjb6ut/m9tf7un3g5eWMHuvsGR0EDGXaT2ddJyLWF+2p6XVn70PHAUMq8ZoSYJlGo9HaRV9XltJ1vAdwlnanDd1hACyoruvDiJickeM+XmQ3t72z7NsFXp7O6rGm59Y7rq+DgOIi4qDpoO2ur49Go7Xm+Gu84GC7ExGTmct0HFBcRGy0Oq6dcUTsjUajtaEfI8A8zahR/Odji+g63gPo0oy0XT/vP/KLHwCPuGmBd30tIjabF9fjZb+49oNEYJnaB58zvwm9M/1ax/V1EFDceYNsROw1HbW5yO0ZbIFHQfPacRIRRxGxOX39GBHr847HAB4lrcF2+4zXlUv/+dgiDLbAIiJiq3081rp8szXibg35GAE4w1mDbVVVVURsn1Xm01Mqn/cOkOn1Wn/3g0RgaabvpJ3zten4sdG+fruD5p1i6qxTT7VPL7OMfwPw8jH9geBsb7V+ULg3vey8rrnoYDu9rdkfNk7vp+OMBOtd13dqLWCq+UWUcUQczRsyZl9XTjun+drGWcdhi7yjbV63zd5X+7oX+TcC+bWOz8485pr22EVeQ077afa4qn08ddHjvSmvS4GqevBLcpOIODjjOgftnlvweGzjnH7amPZYLPjRPu3bmz6GeceQZx3jAaRz3mDb+sHhiR/6Nb9BfTxzaoWDOT/8a5+GYdwUucEWWJpFBtt2P3UMtp0vgLsub15o78/033jRd8MBVNWJXybZqarTg8eiXbPoYBsPz5zSvr39mW4cR8R++/umx3Ezv3g3/WGA384GHvTQAp/PvT/tsPY72dqd1Fxvo+NUfkddw21z37PddqL/Wvc124NjPQZMnTfYzv587CKvIaff1+qg49blB03Hze0mr0uB87T6YO5YOjvqnnM8ttVxjHWqn5pjtr2Y+ViMuq4PZ3eCZhM4nrm9/a7uXeQYDyCdBd5he6o04+Hguh+t3wSMiPHsYNIcdI6n399c70jJAss0/UHeGaeu2uu4/qUG2+Yg9MEL4fYLZb/VDFxE65hovdUtG83XFuqas34o2Pr79FSlD47dpi/A28duzX0ed9zW7O1NT7XlHbbAg9d8F/me1g8IjyNiffqLKq3Txj8YaJuOPIqZU5G2fri43ToF8/ZsZ83c19ZZtwm8fF3gHbab7b/Pu97MZZP2bbeOx078El3TgQezj8PrUuA8TR+c+/ET7S1g3vFY6/L91jHWxvT1a/vYqbm9cdNJ0247dTzWHHuNm9uYvd5s5y10jAeQTvtdEx1Dx/Q3c06806Lrh3nN5dMf3k1fWE9/ODj7m4FbChZYptYL3a48OBicuf6FB9t4+Asrp96N0RzgHiz3XwZk1nTKOB7+lvFW6/KFuuaMHwq2O+5ozrHbiXfFtV4Eb1TViRfwRx3Drs+iBKqqOvtMJ/OccSanaQ+dOj379Ad3rctOnRWguXw/WgNy1+nm2/dl2ACq6tzPsJ2eGeXB8dSiryGbyzp7cvY2q+rEWVcO5t2m16XArEWPx1p9tjHveKzpvq53yJ46dppuCx3Xnf3l4On9zh7jdf1S8kLHeADpdJxq6sEpCZqvdR38TX/zZmcm++2Snx5Qdp0m2WALLFNrUJh9Yb3dHOiN2weFVxhsp79Vvd/RgcddtwFwltY4cdC6bOGumfdDwZmOOzVUNJevx8ljtxODSOv+tmfuc9x1e8DL0xlDxHrXLwZX1fx3srVen8523077ftqfBT57vdlTuZ9xX2e+mw54eWkNF51puuXBqdkXfQ3ZXNb5M7AzLj8463jP61Jg1rzjsY7rPfil3YseC0XzJqzZwbbrfmcvbzr01C/9zj6GixzjAaTTdUrkePjbMqd+k6b5+iQijqfFO5t4+O6Qg3kHiQZbYJnOOjBtn8qlff2rDLbz+u+i7y4B6Pqt5ot0zXk/FJz3W9Nd123+fjwdj5tjuf14+C6O9m9hn/osSeDl6YzBdjoonEhVnTvYjs94rbnX/v5ozgAw57ob59yXwRZ44Kx32M752Vifg23n69DZv3tdCkxdYLA9iOYNVmcdC8VLv8y7ExEHs2/4usxgO+/xzRtsFznGA0ina7CtqhO/MTPvlC2nTkvQcb09gy1QwnkHprNfv8Bge6LHWj949LmNwFKcNdgu0jXn/VAwZt5F2/H9s/f9oPfipXfSbrWut9183WmogAfaP/ibufzEO2yj+dyzqjp3sD11CvdZre48dUaoedc12AJnucQ7zRZ6DdlcdtHBdn+RwdbrUmCqOc4693Va8wu6x1U1v/fi4Uf3TD+bdide+ujDzSsMtuM515s32J57jAeQzrzBtqoevvCO1ucENZePu15ET38zp3W9E5+D1rp8+i4Ngy2wFGcNttPTsF9msJ3tyFavdZ0ufsMLZuCi5gy2C3fNeYNt8/cTn4PWunxz9livfVn7B4FNHx40Pwg49xf3gJePaH7Z97zXd4sMtq3XoKeOqdrvcmu9puz6fLP19mtQgy2wiGUNtnPOZHfWYNv1sRVH0Tp1aMdg63UpcELreGx7geucOBvTvDOedPwy3s7s9S8w2B50Dcoxc5rlixzjAaRzzmC7Ht2f/bjT9f8BxMyHhDcjyakfELZehBtsgaU4a7CNh5+vvdW+ftc4MvNLJ9ODxAcd2eq14/aBa3Pdzt8WBDhL12B7ka5ZcLCd9uCJF7fTF+Lt47zpL7lE6zevW/czbr62ubz/BYAMWj1z6oeETa9Mvz6uqvNH1I7XkKdG4dbp+R50W3NfR+0fMhpsgUVcYrBd6DVkc/lZg+2JUaR9aubW9U4c73ldCnSZHgN1vV5rumUcEUcLHCOdOuNJ0zvHVxhsTw3KreO2U7e5yDEeQDpnDbZVdeIA9EHBtsu0eeG90yrS/Znvf3Bq5db1pj/sM9gCSzF9odvxuRbHzdeOOq7fHjPav6Cy12QcrXeCtK47Pcg8bl4477W+12/6ARfSNdhW1eJds8hg23Xs1urHU+/MaB3XHXQ8zlOnPQWoqoenAW36Za/pmv3W67+DePiu/bM+M236i8CHrduYtH/A2Fyvfbq+vXndZrAFFnGJwfYiryHPHGxbt/Gg72au13W853UpcEJz9svpa7mjpht24uEoetj1CyIdZzx58DnZM/0yfU252bqNhQbb5nanHdd+TTqefQyLHuMBpBMRe+f95l1E7Hd9oHdzcDj94PH9mPNui6b891vXW2/+W8ECSzE71LYG2/0zxogTlzcvuB90VdNdW10d2Vx3r3U/OwYM4DIiYmPecdEiXdPVU12314y2263b2os5p8ub3mb7Nlov/k+dtg9gqumtnZnjsZ3Zvml1X+eoMPMa8iDmnN5vTred+kieOa9nz3wMwMvLZTph0deQZxzrTZqO3Gr1WNf1vC4FFtZ0Ubsb9ub8ktzc3pv9uf/0+5u/t88AsNf1GvGMy9t9tz1vNF7kGA8AAAAAAOBKYs47bwGyiYj1rl8oaZ0twBgLAAAAAACUZbAFXi6mp1meHW2nH5841OMCAAAAAABexgy2wMtFPPzc7+PW59Ke+kxcAAAAAACAYuZ9Zi1ARh2fu70XEetDPy4AAAAAAAAAAAAAAAAAAAAAAAAAAAAAAAAAAAAAAAAAAAAAAAAAAAAAAAAAAAAAAAAAAAAAAAAAAAAAAAAAAAAAAAAAAAAAAAAAgOX6/wGJLkzRYJU94wAAAABJRU5ErkJggg==