data:image/png;base64,iVBORw0KGgoAAAANSUhEUgAABywAAATsCAYAAADSGHUlAAAAAXNSR0IArs4c6QAAAARnQU1BAACxjwv8YQUAAGRvSURBVHhe7N19jF3lneD5OuWyEjeEdCKFtAm9jNjmRbQ6rOQg0REZIIoQ0giaiP9IoBtP34PMSqPlZWYYdSY2PVlFES+JNr2xfK8w2aA4UogCjXdJpF7JpDsjTRgbRVGjJUDQEEZ2hzTOJLbpwJTrmd9z61St7TJ0levSv1Px5yM9POc859Q1otWPyvrmnDsFAAAAAAAAAAAAAAAAAAAAAAAAAAAAAAAAAAAAAAAAAAAAAAAAAAAAAAAAAAAAAAAAAAAAAAAAAAAAAAAAAAAAAAAAAAAAAAAAAAAAAAAAAAAAAAAAAAAAAAAAAAAAAAAAAAAAvdN0MwAAAJ25f/kfHp4qzT/rTk8PTfkv0w/9+1u7MwAAAPgnI1gCAACcYG7z5/bE35YubEo50C39RitNs3GqTD0/vfMzV3dLAAAA8E9GsAQAADhBDZbNVHnP1HS5rVv6zTbX7ChTzSHBEgAAgAzT3QwAAADLNhgMdsR4vjudatt2a5wf6k5XZcuWLefHZz0Rn1nqqH9Wd2lRrD/VXb+iW1qifk738090S8tSP7N+fncKAADAO0ywBAAAYMWaprkoxv7udKqUcmGc/7g7XZWjR4/eHJ91XXzmrjjdHMePzF85zp76j7jnhvHZSczOzt7eHY7vXa74zJtjunL+DAAAgHeaYAkAAMCK1UAZYzFQ1oAZ5/u601WJzzmnzvGZ/+9wOHw4xvfHF44Ra/fGfYfj8Pr5lZO6Pu45MBqNvtidAwAA0EO+wxIAAOAEvsPy7dVXrR49evQncbi5BsW6Vl+9GtO2GhLr+VuJ+24tpfy7pmku6Ja+F+P/OuZz9sa0qR4viGsn/bvrYDD4enzOTXH4sbjnuKhZX+sa09/EnzUcjUaL/3c8hT9/X1z7SD2oPxvTH8cYP30Zn/NCfM7nF3626v7cz8W1TXHtzJgPxPnuY/8dAAAAOJ4nLAEAAFiWGvNilC5WVjvreR3d+bZ6T3e8RFzbGtPOpmn2l1LurCPOz6xrg8HgjnpPqLFvdz2I+YGYNtfjk4nPebTOcd+W8cIxFtbinsXXya70zw/1z/5cPYifrbFyZz3ufq6+qra+EvfYn63XdsaoT4h+Nkb9+d1xX1vjar0OAADAUp6wBAAAOIEnLE+ubdv6fZHvK6V8MuaPNE3zZ3U9zj8R0/Vx/q9i/sVwOHy8rp9oMBgcint+vPDE4oJYH38X5mg0Gr8KNs531MgXh4tPcL6VuPf5mM5c+NkF9TPjM/Yf+2et9M+P+xb/znyyz6tqoK2Bsv5s99/nsRjHPWka60/FdOaJPwsAAMA8T1gCAACwLMPh8PEYDzdNU8Pe3npcRxy/J9bqq1Pr+UljZX1CMe6pTzMuPL14rF1xbWO9pztftvi5+lrY+rM1Fo4NBoM76locLv5Zq/nz62fX66WU/fWeY0ddW/jz161b96N6f6x9Ks631lfn1vP4b3JVDLESAADgLQiWAAAArEgp5aKmafZ1p9VHYu0tXwVbxfXf7w5/2s2L4rOe7Q5XbN26deNXvsbnH/vq2Kvj/PDwmKccV/nnv6/+I+67Lqb6WtjF0a1V79u+fftLMW+LUWPptvrq3MFg8HyM+xfiJQAAAEsJlgAAACxL232HZTP/pGL9vsrx91fG+cYYd3XnbxsuJ61GwjL/nZPj19l2YbAeP1HPJyn+nDuHw2HzFmP86tqY752Zmbk0Drd1/17j/zazs7PfrdcBAABYSrAEAABguT5XStkV43Ac1ycaN8fxcHylO4/xufHZCZr//ynG/6mbF8VnLDz9eErisx+LcWZ9FezRo0dvrscxHu0uj03oz1/Wa11rRK3hcjQaXR/jPfW/Wfz5F7Rv8cpZAACA051gCQAAwLIMu++nbJrmx/WJwoWnCkspLyycL9xzonot7quhc+EVqse6qV5b+LyV6j77QBzWJyvr62Drv89x/x6r+fOP+fzrT3y1a9u2Tw0Gg0N1vQbJelzDaXd5LP57Pd8dAgAAcBKCJQAAAMvWNM1FpZTF76+M800xPTd/9vbi3vtj2lRfG1ujXh31ONbrdz5+dnzTqVt4LeyV8XlfH6+cYAV//qH6j7h+f1y/YbwyNXVf3HdmfbVr93O3xngq1q+M8UR9qnLdunXfG985NfXncW1rd8/W+O91d4xx1O2uAwAAcAzBEgAAgJU4LlCWUi6KaVlPEA6Hw3vj/jtjnNU0zYN1xPL49bKj0eiL45tOUXzWIzUo1uN169Y9Ml48wXL//JmZma/EtC+u3xXzZ+pad31zrO3vfm5nfM45MR6Ia5+q99RoGdfqK2n3xfrd3T113hOfeW29BwAAgKWabgYAAKAzt/lze5qp8p6p6XJbt/Sbba7ZUaaaQ9M7P1OfUAQAAIB/Up6wBAAAAAAAANJ4whIAAOAE9QnL+NvShU0pB7ql32ilfodjmXreE5YAAABkECwBAABOMPcv/8PDU6X5Z93p6aEp/2X6oX9/a3cGAAAAAAAAAAAAAAAAAAAAAAAAAAAAAAAAAAAAAAAAAAAAAAAAAAAAAAAAAAAAAAAAAAAAAMDa03TzP6pt2xti+t9iXFnPSykHYto9Go1uq+cLtmzZcv7s7OyX4vDqpmnOjPteiPnzw+Hw4fk7AAAAAAAAAOZNd/Pbatv2ilLKIzHOiXFnLG2OsadpmnYwGHx9fFNndnb2uzHVWHl/zJtj3h/zzviMW+t1AAAAAAAAgAXLesJyMBg80TTNdevWrfuft2/f/lK3vLgehx8bDoffb9t2axxvi7H52Ccq4779NVzG2ke6JQAAAAAAAIDlPWHZNM05Me07NlZWsf5Yd3hBN19dXxV7kte/7o6xqT6pOX8KAAAAAAAAsMxgWZ+MPNnTkaWUT3SHv6j/iPML65OU45VjxNp/6g4XwiYAAAAAAADA8oLlybRte0NM18fYNxwOH69rTdNsrPNbKaX8fncIAAAAAAAAsLzvsDxRfbVrKeU79bhpmpsXgmWsl5hqwDzuacxYvzWmnfEzw9Fo9Jk4nhlfAAAAAAAAAE4nh2Mcmj+ct+JgWZ+sLKU8Uo+PjZXVPxYsY2yLa/fHfCpPdl4To36H5ovjM4D++WCMIzHqZgvQV/YqoO/sU0Df2aeAvrNPAX33/hgHYyxGyxUFy8FgcEdMfx7jUNM0tx8bK6u4vj/W979NsNwc1x4eL67cjTGei/Hs+Aygf+prsesvgsf9L0MAesZeBfSdfQroO/sU0Hf2KaDvluxTy37SsW3brU3TPBiHB2ZmZq44MVZWcf35Uso53emiWLu8O3yhmwEAAAAAAACWFyy7JyS3lVJemJmZuXb79u311awns6dpmo3d/ce6LkZ9Vez3508BAAAAAAAAlvlK2O5VrxtLKbvitD6ieZy49shCjIx7n49pY6zV76r8aYw/jnFljNW8DrbySlig77xuA1gL7FVA39mngL6zTwF9Z58C+m7JPvWPPmHZtu0NNVbW45hvitGeOOLSBfV6VZ/AjGlPjG0xdnaviF1trAQAAAAAAABIVZ+w/P35Q4Beqv/jjvfMHwL0lr0K6Dv7FNB39img7+xTQN8t2aeW9R2WAAAAAAAAAO8EwRIAAAAAAABII1gCAAAAAAAAaQRLAAAAAAAAII1gCQAAAAAAAKQRLAEAAAAAAIA0giUAAAAAAACQRrAEAAAAAAAA0giWAAAAAAAAQBrBEgAAAAAAAEgjWAIAAAAAAABpBEsAAAAAAAAgjWAJAAAAAAAApBEsAQAAAAAAgDSCJQAAAAAAAJBGsAQAAAAAAADSCJYAAAAAAABAGsESAAAAAAAASCNYAgAAAAAAAGkESwAAAAAAACCNYAkAAAAAAACkESwBAAAAAACANIIlAAAAAAAAkEawBAAAAAAAANIIlgAAAAAAAEAawRIAAAAAAABII1gCAAAAAAAAaQRLAAAAAAAAII1gCQAAAAAAAKQRLAEAAAAAAIA0giUAAAAAAACQRrAEAAAAAAAA0giWAAAAAAAAQBrBEgAAAAAAAEgjWAIAAAAAAABpBEsAAAAAAAAgjWAJAAAAAAAApBEsAQAAAAAAgDSCJQAAAAAAAJBGsAQAAAAAAADSCJYAAAAAAABAGsESAAAAAAAASCNYAgAAAAAAAGkESwAAAAAAACCNYAkAAAAAAACkESwBAAAAAACANIIlAAAAAAAAkEawBAAAAAAAANIIlgAAAAAAAEAawRIAAAAAAABII1gCAAAAAAAAaZpuXgtujPFcjGfHZwD9szHG4RiHxmc9tbWU6Se/9vf/pjsFJmR66r//5Q/++Jz/rzvtszWxVwGnNfsU0Hf2KaDv7FNA3y3ZpwRLgMlZE78Mbtqxd/26Dee9OTVVDpWpab+4wgQ0U+Wc+P+pP336lrMf6pb6zF9cgb6zTwF9Z58C+s4+BfTdkn1KsASYnDXxy+BisJybe7CZmt7VLQOrUKbLnpjuECwBJsI+BfSdfQroO/sU0HdL9infYQkAAAAAAACkESwBAAAAAACANIIlAAAAAAAAkEawBAAAAAAAANIIlgAAAAAAAEAawRIAAAAAAABII1gCAAAAAAAAaQRLAAAAAAAAII1gCQAAAAAAAKQRLAEAAAAAAIA0giUAAAAAAACQRrAEAAAAAAAA0giWAAAAAAAAQBrBEgAAAAAAAEgjWAIAAAAAAABpBEsAAAAAAAAgjWAJAAAAAAAApBEsAQAAAAAAgDSCJQAAAAAAAJBGsAQAAAAAAADSCJYAAAAAAABAGsESAAAAAAAASCNYAgAAAAAAAGkESwAAAAAAACCNYAkAAAAAAACkESwBAAAAAACANIIlAAAAAAAAkEawBAAAAAAAANIIlgAAAAAAAEAawRIAAAAAAABII1gCAAAAAAAAaQRLAAAAAAAAII1gCQAAAAAAAKQRLAEAAAAAAIA0giUAAAAAAACQRrAEAAAAAAAA0giWAAAAAAAAQBrBEgAAAAAAAEgjWAIAAAAAAABpBEsAAAAAAAAgjWAJAAAAAAAApBEsAQAAAAAAgDSCJQAAAAAAAJBGsAQAAAAAAADSCJYAAAAAAABAGsESAAAAAAAASCNYAgAAAAAAAGkESwAAAAAAACCNYAkAAAAAAACkOaVgORgM7m/btnSnx4n1G2I8Va/XEfc+H+OO7jIAAAAAAADAohUHy7ZttzZNc1d3epwtW7acX0p5JMaFcbotxua4d3+MB+vPjW8CAAAAAAAA6Cw7WLZte0WMp+KwhsiTmp2dvb1pmjNj/NlwOLw3xsMxriqlvBDjtu42AAAAAAAAgLGVPGH5pRhXllJ2x7xvvLLUe7r5F9081jTNr2JauAYAAAAAAAAwtuxgWUrZH+PO0Wh0fbe0RNM09XWwh+PwM/WJzLpWv+8ypk0xnqjnAAAAAAAAAAuWHSxrqIzxxe70pIbD4febprm5lHJRnP5N27Ylzu+qT2XGz35q/i4AAAAAAACAeU03r0jbtntj2jQcDo/7+Vi/oZTySBweiLG9aZr/FuefjPm6mIej0ah+j+UHYszEWKmPxnilGwB99MEYR2LUJ817690bz1//4S/84OXZQ6/tOPKTHz7WLQOr8N5LP/6tX//85a0/uvuyb3RLfbYm9irgtGafAvrOPgX0nX0K6LszYvwsxqHxWZh0sNxbn66cmZm5dPv27S91y/W1sF9vmuamOPxk/MxfxbyS785ccE2M+pkvjs8A+mdN/DJ41iWXr7/4nt2vzb3x+pffePWVR7tlYBU2nHvhk7NHDt7zzO0Xf61b6jN/cQX6zj4F9J19Cug7+xTQd++PcTDGOxYsS0zfi/Wr5lfmxfqtMe085inLU3FjjOdiPDs+A+ifjTHqL4KLm2wfbdqxd/26Dee9OTU392AzNb2rWwZWoUyXPTHd8fQtZz80v9Jra2KvAk5r9img7+xTQN/Zp4C+W7JPncqTjgAAAAAAAAATMelg+b1SyqYtW7ac352PxdrldW6a5jvjBQAAAAAAAIAw6WD5pfqP2dnZ77Ztu7W+Crb7/sq2lLJ7OBw+Pr4LAAAAAAAAIEw0WNYg2TTNzTH2x+m2GDtjXF1KeWA0Gl1f7wEAAAAAAABY0HTzWnBjjOdiPDs+A+ifNfGF5pt27F2/bsN5b07NzT3YTE3v6paBVSjTZU9Mdzx9y9kPza/02prYq4DTmn0K6Dv7FNB39img75bsU5N+JSwAAAAAAADAsgmWAAAAAAAAQBrBEgAAAAAAAEgjWAIAAAAAAABpBEsAAAAAAAAgjWAJAAAAAAAApBEsAQAAAAAAgDSCJQAAAAAAAJBGsAQAAAAAAADSCJYAAAAAAABAGsESAAAAAAAASCNYAgAAAAAAAGkESwAAAAAAACCNYAkAAAAAAACkESwBAAAAAACANIIlAAAAAAAAkEawBAAAAAAAANIIlgAAAAAAAEAawRIAAAAAAABII1gCAAAAAAAAaQRLAAAAAAAAII1gCQAAAAAAAKQRLAEAAAAAAIA0giUAAAAAAACQRrAEAAAAAAAA0giWAAAAAAAAQBrBEgAAAAAAAEgjWAIAAAAAAABpBEsAAAAAAAAgjWAJAAAAAAAApBEsAQAAAAAAgDSCJQAAAAAAAJBGsAQAAAAAAADSCJYAAAAAAABAGsESAAAAAAAASCNYAgAAAAAAAGkESwAAAAAAACCNYAkAAAAAAACkESwBAAAAAACANIIlAAAAAAAAkEawBAAAAAAAANIIlgAAAAAAAEAawRIAAAAAAABII1gCAAAAAAAAaQRLAAAAAAAAII1gCQAAAAAAAKQRLAEAAAAAAIA0giUAAAAAAACQRrAEAAAAAAAA0giWAAAAAAAAQBrBEgAAAAAAAEgjWAIAAAAAAABpBEsAAAAAAAAgjWAJAAAAAAAApBEsAQAAAAAAgDSCJQAAAAAAAJBGsAQAAAAAAADSCJYAAAAAAABAGsESAAAAAAAASCNYAgAAAAAAAGkESwAAAAAAACCNYAkAAAAAAACkESwBAAAAAACANIIlAAAAAAAAkEawBAAAAAAAANIIlgAAAAAAAEAawRIAAAAAAABII1gCAAAAAAAAaQRLAAAAAAAAII1gCQAAAAAAAKQRLAEAAAAAAIA0giUAAAAAAACQRrAEAAAAAAAA0giWAAAAAAAAQBrBEgAAAAAAAEgjWAIAAAAAAABpBEsAAAAAAAAgjWAJAAAAAAAApBEsAQAAAAAAgDSCJQAAAAAAAJBGsAQAAAAAAADSCJYAAAAAAABAGsESAAAAAAAASCNYAgAAAAAAAGkESwAAAAAAACCNYAkAAAAAAACkESwBAAAAAACANIIlAAAAAAAAkEawBAAAAAAAANIIlgAAAAAAAEAawRIAAAAAAABII1gCAAAAAAAAaQRLAAAAAAAAII1gCQAAAAAAAKQRLAEAAAAAAIA0giUAAAAAAACQRrAEAAAAAAAA0giWAAAAAAAAQBrBEgAAAAAAAEgjWAIAAAAAAABpBEsAAAAAAAAgjWAJAAAAAAAApDmlYDkYDO5v27Z0p0vE9R0x9td76lzv7y4BAAAAAAAALFpxsGzbdmvTNHd1p0vE9afiehuHu2NsjuPn6/2iJQAAAAAAAHCiZQfLtm2vqDEyDrfNryxVY2ZMV5ZSHhiNRrcNh8OHY1wV5y/E+k3jmwAAAAAAAAA6K3nC8ksxaoysT07uG68sdXVcPzAaje7uzhfsaZpmY42e3TkAAAAAAADA8oNlKWV/jDtHo9H13dIScX1TfQVsd7qoe9qyifH9bgkAAAAAAABg+cGyhsoYX+xOT6ppmjNLKT8eDAZ3xHi+bdsS86EYO7pbAAAAAAAAABat5JWwy3V1jH/dNM3XY94cY1cct4PB4Il6EQAAAAAAAGBB080r0rbt3pg21de8zq/Mq09UdocfO/b1r/UJyxot4/CTsf4fY54ZX1iZj8Z4pRsAffTBGEdiHB6f9dS7N56//sNf+MHLs4de23HkJz98rFsGVuG9l378W7/++ctbf3T3Zd/olvpsTexVwGnNPgX0nX0K6Dv7FNB3Z8T4WYxD47PwTgTLfbH+kfmVebF+a0w7SynD0Wh0ZxyfypOd18R4KcaL4zOA/lkTvwyedcnl6y++Z/drc2+8/uU3Xn3l0W4ZWIUN51745OyRg/c8c/vFX+uW+sxfXIG+s08BfWefAvrOPgX03ftjHIzxzgTL+r2VdR6NRheOFzrHBMsH4trd86srdmOM52I8Oz4D6J+NMeovgoubbB9t2rF3/boN5705NTf3YDM1vatbBlahTJc9Md3x9C1nPzS/0mtrYq8CTmv2KaDv7FNA39mngL5bsk9N+jssn2ia5oK2bW/ozsdKKZ+oc1x7fLwAAAAAAAAAECYaLGdmZr5SSnkhxiNt226tT1Z23195U6ztOvZ7LQEAAAAAAAAmGiy3b9/+0szMzLVxuKeUUl/9ujPGdXFcv7vyU/UeAAAAAAAAgAWn9B2WSXyHJdB3a+L7AXyHJUye77AEmCj7FNB39img7+xTQN8t2acm/R2WAAAAAAAAAMsmWAIAAAAAAABpBEsAAAAAAAAgjWAJAAAAAAAApBEsAQAAAAAAgDSCJQAAAAAAAJBGsAQAAAAAAADSCJYAAAAAAABAGsESAAAAAAAASCNYAgAAAAAAAGkESwAAAAAAACCNYAkAAAAAAACkESwBAAAAAACANIIlAAAAAAAAkEawBAAAAAAAANIIlgAAAAAAAEAawRIAAAAAAABII1gCAAAAAAAAaQRLAAAAAAAAII1gCQAAAAAAAKQRLAEAAAAAAIA0giUAAAAAAACQRrAEAAAAAAAA0giWAAAAAAAAQBrBEgAAAAAAAEgjWAIAAAAAAABpBEsAAAAAAAAgjWAJAAAAAAAApBEsAQAAAAAAgDSCJQAAAAAAAJBGsAQAAAAAAADSCJYAAAAAAABAGsESAAAAAAAASCNYAgAAAAAAAGkESwAAAAAAACCNYAkAAAAAAACkESwBAAAAAACANIIlAAAAAAAAkEawBAAAAAAAANIIlgAAAAAAAEAawRIAAAAAAABII1gCAAAAAAAAaQRLAAAAAAAAII1gCQAAAAAAAKQRLAEAAAAAAIA0giUAAAAAAACQRrAEAAAAAAAA0giWAAAAAAAAQBrBEgAAAAAAAEgjWAIAAAAAAABpBEsAAAAAAAAgjWAJAAAAAAAApBEsAQAAAAAAgDSCJQAAAAAAAJBGsAQAAAAAAADSCJYAAAAAAABAGsESAAAAAAAASCNYAgAAAAAAAGkESwAAAAAAACCNYAkAAAAAAACkESwBAAAAAACANIIlAAAAAAAAkEawBAAAAAAAANIIlgAAAAAAAEAawRIAAAAAAABII1gCAAAAAAAAaQRLAAAAAAAAII1gCQAAAAAAAKQRLAEAAAAAAIA0giUAAAAAAACQRrAEAAAAAAAA0giWAAAAAAAAQBrBEgAAAAAAAEgjWAIAAAAAAABpBEsAAAAAAAAgjWAJAAAAAAAApBEsAQAAAAAAgDSCJQAAAAAAAJBGsAQAAAAAAADSCJYAAAAAAABAGsESAAAAAAAASCNYAgAAAAAAAGkESwAAAAAAACCNYAkAAAAAAACkESwBAAAAAACANIIlAAAAAAAAkEawBAAAAAAAANIIlgAAAAAAAEAawRIAAAAAAABII1gCAAAAAAAAaQRLAAAAAAAAII1gCQAAAAAAAKQRLAEAAAAAAIA0giUAAAAAAACQRrAEAAAAAAAA0giWAAAAAAAAQBrBEgAAAAAAAEgjWAIAAAAAAABpBEsAAAAAAAAgjWAJAAAAAAAApBEsAQAAAAAAgDSCJQAAAAAAAJBGsAQAAAAAAADSnFKwHAwG97dtW7rTt7Rly5bz495Dce/ebgkAAAAAAABg0YqDZdu2W5umuas7fVtHjx79Ztx7ZncKAAAAAAAAcJxlB8u2ba+I8VQcbptfeXuDwWBHKeWi7hQAAAAAAABgiZU8YfmlGFeWUnbHvG+88hbatr2haZo2Dj87vwIAAAAAAACw1LKDZSllf4w7R6PR9d3SSdXvrYz7vhJjV9z7xW4ZAAAAAAAAYIllB8saKpcTII8ePbozpsNx76fmVwAAAAAAAABOrunmFWnbdm9Mm4bD4XE/PxgM7o/ptqZpbo5rj9e1uLfEtC/OP1LPwwdizMwfrshHY7zSDYA++mCMIzEOj8966t0bz1//4S/84OXZQ6/tOPKTHz7WLQOr8N5LP/6tX//85a0/uvuyb3RLfbYm9irgtGafAvrOPgX0nX0K6LszYvwsxqHxWZhYsKzfW1lKeaRpmvtj/d5u+WTBsv5LrOS7MxdcE+OlGC+OzwD6Z038MnjWJZevv/ie3a/NvfH6l9949ZVHu2VgFTace+GTs0cO3vPM7Rd/rVvqM39xBfrOPgX0nX0K6Dv7FNB3749xMMbkg+VgMNjRNE3bnZ5UKWU4Go1u605X6sYYz8V4dnwG0D8bY9RfBBc32T7atGPv+nUbzntzam7uwWZqele3DKxCmS57Yrrj6VvOfmh+pdfWxF4FnNbsU0Df2aeAvrNPAX23ZJ86lScdT6ppmkdi2nySUUPlC/W4uwcAAAAAAABgbGJPWL6Vk7wS9lR5whLouzXxv17zhCVMnicsASbKPgX0nX0K6Dv7FNB3S/apiT1hCQAAAAAAALBSgiUAAAAAAACQ5pSCZX2963JeB1vV+ybwOlgAAAAAAADgN5AnLAEAAAAAAIA0giUAAAAAAACQRrAEAAAAAAAA0giWAAAAAAAAQBrBEgAAAAAAAEgjWAIAAAAAAABpBEsAAAAAAAAgjWAJAAAAAAAApBEsAQAAAAAAgDSCJQAAAAAAAJBGsAQAAAAAAADSCJYAAAAAAABAGsESAAAAAAAASCNYAgAAAAAAAGkESwAAAAAAACCNYAkAAAAAAACkESwBAAAAAACANIIlAAAAAAAAkEawBAAAAAAAANIIlgAAAAAAAEAawRIAAAAAAABII1gCAAAAAAAAaQRLAAAAAAAAII1gCQAAAAAAAKQRLAEAAAAAAIA0giUAAAAAAACQRrAEAAAAAAAA0giWAAAAAAAAQBrBEgAAAAAAAEgjWAIAAAAAAABpBEsAAAAAAAAgjWAJAAAAAAAApBEsAQAAAAAAgDSCJQAAAAAAAJBGsAQAAAAAAADSCJYAAAAAAABAGsESAAAAAAAASCNYAgAAAAAAAGkESwAAAAAAACCNYAkAAAAAAACkESwBAAAAAACANIIlAAAAAAAAkEawBAAAAAAAANIIlgAAAAAAAEAawRIAAAAAAABII1gCAAAAAAAAaQRLAAAAAAAAII1gCQAAAAAAAKQRLAEAAAAAAIA0giUAAAAAAACQRrAEAAAAAAAA0giWAAAAAAAAQBrBEgAAAAAAAEgjWAIAAAAAAABpBEsAAAAAAAAgjWAJAAAAAAAApBEsAQAAAAAAgDSCJQAAAAAAAJBGsAQAAAAAAADSCJYAAAAAAABAGsESAAAAAAAASCNYAgAAAAAAAGkESwAAAAAAACCNYAkAAAAAAACkESwBAAAAAACANIIlAAAAAAAAkEawBAAAAAAAANIIlgAAAAAAAEAawRIAAAAAAABII1gCAAAAAAAAaQRLAAAAAAAAII1gCQAAAAAAAKQRLAEAAAAAAIA0giUAAAAAAACQRrAEAAAAAAAA0giWAAAAAAAAQBrBEgAAAAAAAEgjWAIAAAAAAABpBEsAAAAAAAAgjWAJAAAAAAAApBEsAQAAAAAAgDSCJQAAAAAAAJBGsAQAAAAAAADSCJYAAAAAAABAGsESAAAAAAAASCNYAgAAAAAAAGkESwAAAAAAACCNYAkAAAAAAACkESwBAAAAAACANIIlAAAAAAAAkEawBAAAAAAAANIIlgAAAAAAAEAawRIAAAAAAABII1gCAAAAAAAAaQRLAAAAAAAAII1gCQAAAAAAAKQRLAEAAAAAAIA0giUAAAAAAACQRrAEAAAAAAAA0giWAAAAAAAAQBrBEgAAAAAAAEgjWAIAAAAAAABpBEsAAAAAAAAgzSkFy8FgcH/btqU7PU6s3xDjqXq9jrh3f4wd3WUAAAAAAACARSsOlm3bbm2a5q7u9Dhx7YpSyiMxzolxZyxtjrEn7m8Hg8HXxzcBAAAAAAAAdJYdLGuMjPFUHG6bX1mqlPJvmqY5c2Zm5trRaPTF4XD4cMyfivXdsX5T/YzuVgAAAAAAAIAVPWH5pRhX1vgY877xygmapjknpn3bt29/aX5lXqw/1h1e0M0AAAAAAAAAyw+WpZT99TWvo9Ho+m5pieFw+JE6utNF8XOf6A5/0c0AAAAAAAAAyw+WNVTW17x2p8vWtu0NMdXIuW84HD4+XgQAAAAAAAAITTevSNu2e2PaNBwO3/bn63dWllK+U4+bprm5C5YfiDFT11boozFe6UZvfWjDhnX/+n+5cmN3CkzIU//1lYOPv/Ls691pX30wxpEYh8dnPfXujeev//AXfvDy7KHXdhz5yQ8XXtkNrMJ7L/34t37985e3/ujuy77RLfXZmtirgNOafQroO/sU0Hf2KaDvzojxsxiHxmfhHQuW9cnKUsoj9fiYWFnVf4mVfHfmgmti1O/GfHF81lN3X3LZGff94R8d6E6BCdl/6Jef/tA373uiO+2rNfHL4FmXXL7+4nt2vzb3xutffuPVVx7tloFV2HDuhU/OHjl4zzO3X/y1bqnP/MUV6Dv7FNB39img7+xTQN+9P8bBGO9ssBwMBnfE9OcxDjVNc/sxsXI1bozxXIxnx2c9Nffpu85o3vW+w6WUYTNd9nXLwGqU6R3l6NyN01/97Le7lb6qT1fXXwQXN9k+2rRj7/p1G857c2pu7sFmanpXtwysQpkue2K64+lbzn5ofqXX1sReBZzW7FNA39mngL6zTwF9t2SfmniwjGtbY9pWSnlhZmbm2u3bt9enIidhTQXLqbmj906ta3Z3y8BqlOm9guXkCJYweYIlwETZp4C+s08BfWefAvpuyT51Kq9mfUtt294a0zsRKwEAAAAAAIDfQBMNlqWU/707/M+zs7P/djAY7Dh2tG17RXcdAAAAAAAAYHLBsm3bG5qmqY9wTsV8U4z2xBGXLqjXAQAAAAAAAKpT+g7LJL7DEk5XvsNyonyHJUye77AEmCj7FNB39img7+xTQN8t2acm+kpYAAAAAAAAgJUQLAEAAAAAAIA0giUAAAAAAACQRrAEAAAAAAAA0giWAAAAAAAAQBrBEgAAAAAAAEgjWAIAAAAAAABpBEsAAAAAAAAgjWAJAAAAAAAApBEsAQAAAAAAgDSCJQAAAAAAAJBGsAQAAAAAAADSCJYAAAAAAABAGsESAAAAAAAASCNYAgAAAAAAAGkESwAAAAAAACCNYAkAAAAAAACkESwBAAAAAACANIIlAAAAAAAAkEawBAAAAAAAANIIlgAAAAAAAEAawRIAAAAAAABII1gCAAAAAAAAaQRLAAAAAAAAII1gCQAAAAAAAKQRLAEAAAAAAIA0giUAAAAAAACQRrAEAAAAAAAA0giWAAAAAAAAQBrBEgAAAAAAAEgjWAIAAAAAAABpBEsAAAAAAAAgjWAJAAAAAAAApBEsAQAAAAAAgDSCJQAAAAAAAJBGsAQAAAAAAADSCJYAAAAAAABAGsESAAAAAAAASCNYAgAAAAAAAGkESwAAAAAAACCNYAkAAAAAAACkESwBAAAAAACANIIlAAAAAAAAkEawBAAAAAAAANIIlgAAAAAAAEAawRIAAAAAAABII1gCAAAAAAAAaQRLAAAAAAAAII1gCQAAAAAAAKQRLAEAAAAAAIA0giUAAAAAAACQRrAEAAAAAAAA0giWAAAAAAAAQBrBEgAAAAAAAEgjWAIAAAAAAABpBEsAAAAAAAAgjWAJAAAAAAAApBEsAQAAAAAAgDSCJQAAAAAAAJBGsAQAAAAAAADSCJYAAAAAAABAGsESAAAAAAAASCNYAgAAAAAAAGkESwAAAAAAACCNYAkAAAAAAACkESwBAAAAAACANIIlAAAAAAAAkEawBAAAAAAAANIIlgAAAAAAAEAawRIAAAAAAABII1gCAAAAAAAAaQRLAAAAAAAAII1gCQAAAAAAAKQRLAEAAAAAAIA0giUAAAAAAACQRrAEAAAAAAAA0giWAAAAAAAAQBrBEgAAAAAAAEgjWAIAAAAAAABpBEsAAAAAAAAgjWAJAAAAAAAApBEsAQAAAAAAgDSCJQAAAAAAAJBGsAQAAAAAAADSCJYAAAAAAABAGsESAAAAAAAASCNYAgAAAAAAAGkESwAAAAAAACCNYAkAAAAAAACkESwBAAAAAACANIIlAAAAAAAAkEawBAAAAAAAANIIlgAAAAAAAEAawRIAAAAAAABII1gCAAAAAAAAaQRLAAAAAAAAII1gCQAAAAAAAKQRLAEAAAAAAIA0giUAAAAAAACQRrAEAAAAAAAA0giWAAAAAAAAQBrBEgAAAAAAAEhzSsFyMBjc37Zt6U6Ps2XLlvPj+hMxDtV7Yn4+5lu7ywAAAAAAAACLVhws27bd2jTNXd3pErOzs9+N6eq45/6YN8e8P+adoiUAAAAAAABwomUHy7Ztr4jxVBxum19ZqouZF8T4V8Ph8N4YD8e4qpRyIC7/r/N3AQAAAAAAAMxbyROWX4pxZSlld8z7xitLXV3jZA2V3fmC+jObavScPwUAAAAAAABYQbAspeyPcedoNLq+W1oirl/YvQL2OLH2n7rDC7oZAAAAAAAAYPnBsobKGF/sTk+qaZqN3eFJlVJ+vzsEAAAAAAAAWNErYSfhPd0MAAAAAAAAMNV084q0bbs3pk3D4fC4n4/1EtO+WP/I/Mq8WL81pp0xtsW1r8Q8U9dX6KMxXulGb93wu7/3W49d8ycvvvr6rx545uCBv+qWgVW49tyLvvu3f/93f/oHf/kXT3ZLffXBGEdiHB6f9dS7N56//sNf+MHLs4de23HkJz98rFsGVuG9l378W7/++ctbf3T3Zd/olvpsTexVwGnNPgX0nX0K6Dv7FNB3Z8T4WYxD47Mw0WA5GAz21++wfJtguTmufTPmU3my85oYL8V4cXzWU3dfctkZ9/3hHx04/OY/fP6nr//yO90ysAqX/Pbv/PX+Q7/89Ie+ed8T3VJfrYlfBs+65PL1F9+z+7W5N17/8huvvvJotwyswoZzL3xy9sjBe565/eKvdUt95i+uQN/Zp4C+s08BfWefAvru/TEOxnhngmWsP1VKuXA0Gp3TLY0NBoMdTdO0cfix+Jnvz6+u2I0xnovx7Pisp+Y+fdcZzbved3hq7ui9U+ua3d0ysBplem85Onfj9Fc/++1upa/q9/jWXwQXN9k+2rRj7/p1G857c2pu7sFmanpXtwysQpkue2K64+lbzn5ofqXX1sReBZzW7FNA39mngL6zTwF9t2SfmvR3WO5pmmZj90Tlsa6LUV8Ve6qxEgAAAAAAAPgNNNFgORwO7y2lvBDj/2jbdmsNl/Wpyxox4/L/OX8XAAAAAAAAwLxJP2E5NTMzc21M9bVo22LsLKXU18PW7658OGYAAAAAAACARaf0HZZJfIclnK58h+VE+Q5LmDzfYQkwUfYpoO/sU0Df2aeAvluyT038CUsAAAAAAACA5RIsAQAAAAAAgDSCJQAAAAAAAJBGsAQAAAAAAADSCJYAAAAAAABAGsESAAAAAAAASCNYAgAAAAAAAGkESwAAAAAAACCNYAkAAAAAAACkESwBAAAAAACANIIlAAAAAAAAkEawBAAAAAAAANIIlgAAAAAAAEAawRIAAAAAAABII1gCAAAAAAAAaQRLAAAAAAAAII1gCQAAAAAAAKQRLAEAAAAAAIA0giUAAAAAAACQRrAEAAAAAAAA0giWAAAAAAAAQBrBEgAAAAAAAEgjWAIAAAAAAABpBEsAAAAAAAAgjWAJAAAAAAAApBEsAQAAAAAAgDSCJQAAAAAAAJBGsAQAAAAAAADSCJYAAAAAAABAGsESAAAAAAAASCNYAgAAAAAAAGkESwAAAAAAACCNYAkAAAAAAACkESwBAAAAAACANIIlAAAAAAAAkEawBAAAAAAAANIIlgAAAAAAAEAawRIAAAAAAABII1gCAAAAAAAAaQRLAAAAAAAAII1gCQAAAAAAAKQRLAEAAAAAAIA0giUAAAAAAACQRrAEAAAAAAAA0giWAAAAAAAAQBrBEgAAAAAAAEgjWAIAAAAAAABpBEsAAAAAAAAgjWAJAAAAAAAApBEsAQAAAAAAgDSCJQAAAAAAAJBGsAQAAAAAAADSCJYAAAAAAABAGsESAAAAAAAASCNYAgAAAAAAAGkESwAAAAAAACCNYAkAAAAAAACkESwBAAAAAACANIIlAAAAAAAAkEawBAAAAAAAANIIlgAAAAAAAEAawRIAAAAAAABII1gCAAAAAAAAaQRLAAAAAAAAII1gCQAAAAAAAKQRLAEAAAAAAIA0giUAAAAAAACQRrAEAAAAAAAA0giWAAAAAAAAQBrBEgAAAAAAAEgjWAIAAAAAAABpBEsAAAAAAAAgjWAJAAAAAAAApBEsAQAAAAAAgDSCJQAAAAAAAJBGsAQAAAAAAADSCJYAAAAAAABAGsESAAAAAAAASCNYAgAAAAAAAGkESwAAAAAAACCNYAkAAAAAAACkESwBAAAAAACANIIlAAAAAAAAkEawBAAAAAAAANIIlgAAAAAAAEAawRIAAAAAAABII1gCAAAAAAAAaQRLAAAAAAAAII1gCQAAAAAAAKQRLAEAAAAAAIA0giUAAAAAAACQRrAEAAAAAAAA0giWAAAAAAAAQBrBEgAAAAAAAEgjWAIAAAAAAABpBEsAAAAAAAAgjWAJAAAAAAAApBEsAQAAAAAAgDSCJQAAAAAAAJBGsAQAAAAAAADSCJYAAAAAAABAGsESAAAAAAAASCNYAgAAAAAAAGkmHizbtr0hxlMxSh2DweD5GHd0lwEAAAAAAAAWTTRYbtmy5fxSyiMxLozTbTE2N02zP8aDbdtuHd8EAAAAAAAA0JlosJydnb29aZozY/zZcDi8N8bDMa4qpbwQ47buNgAAAAAAAICxSb8S9j3d/ItuHmua5lcxLVwDAAAAAAAAGJtosGyapr4O9nAcfqZt2yvq2mAwuD+mTTGeqOcAAAAAAAAACyYaLIfD4febprm5lHJRnP5N27Ylzu+K892j0ehT83cBAAAAAAAAzGu6eSLatr2hlPJIHB6Isb1pmv8W55+M+bqYh6PRqH6P5QdizMRYqY/GeKUbvXXD7/7ebz12zZ+8+Orrv3rgmYMH/qpbBlbh2nMv+u7f/v3f/ekf/OVfPNkt9dUHYxyJUZ807613bzx//Ye/8IOXZw+9tuPIT374WLcMrMJ7L/34t37985e3/ujuy77RLfXZmtirgNOafQroO/sU0Hf2KaDvzojxsxiHxmdh0sFyb326cmZm5tLt27e/1C3X18J+vWmam+Lwk8PhsEa8U3my85oY9TNfHJ/11N2XXHbGfX/4RwcOv/kPn//p67/8TrcMrMIlv/07f73/0C8//aFv3tf3V0uviV8Gz7rk8vUX37P7tbk3Xv/yG6++8mi3DKzChnMvfHL2yMF7nrn94q91S33mL65A39mngL6zTwF9Z58C+u79MQ7GeMeCZYnpe8Ph8Kr5lXmxfmtMO495yvJU3BjjuRjPjs96au7Td53RvOt9h6fmjt47ta7Z3S0Dq1Gm95ajczdOf/Wz3+5W+mpjjPqL4OIm20ebduxdv27DeW9Ozc092ExN7+qWgVUo02VPTHc8fcvZD82v9Nqa2KuA05p9Cug7+xTQd/YpoO+W7FMT/Q5LAAAAAAAAgJWYdLD8Xill05YtW87vzsdi7fI6N03jFakAAAAAAADAokkHyy/Vf8zOzn63bdut9VWw3fdXtqWU3cPh8PHxXQAAAAAAAABhosGyBsmmaW6OsT9Ot8XYGePqUsoDo9Ho+noPAAAAAAAAwIKJf4dljZYxrorR1DEajc6JcXd3GQAAAAAAAGDRxIMlAAAAAAAAwHIJlgAAAAAAAEAawRIAAAAAAABII1gCAAAAAAAAaQRLAAAAAAAAII1gCQAAAAAAAKQRLAEAAAAAAIA0giUAAAAAAACQRrAEAAAAAAAA0giWAAAAAAAAQBrBEgAAAAAAAEgjWAIAAAAAAABpBEsAAAAAAAAgjWAJAAAAAAAApBEsAQAAAAAAgDSCJQAAAAAAAJBGsAQAAAAAAADSCJYAAAAAAABAGsESAAAAAAAASCNYAgAAAAAAAGkESwAAAAAAACCNYAkAAAAAAACkESwBAAAAAACANIIlAAAAAAAAkEawBAAAAAAAANIIlgAAAAAAAEAawRIAAAAAAABII1gCAAAAAAAAaQRLAAAAAAAAII1gCQAAAAAAAKQRLAEAAAAAAIA0giUAAAAAAACQRrAEAAAAAAAA0giWAAAAAAAAQBrBEgAAAAAAAEgjWAIAAAAAAABpBEsAAAAAAAAgjWAJAAAAAAAApBEsAQAAAAAAgDSCJQAAAAAAAJBGsAQAAAAAAADSCJYAAAAAAABAGsESAAAAAAAASCNYAgAAAAAAAGkESwAAAAAAACCNYAkAAAAAAACkESwBAAAAAACANIIlAAAAAAAAkEawBAAAAAAAANIIlgAAAAAAAEAawRIAAAAAAABII1gCAAAAAAAAaQRLAAAAAAAAII1gCQAAAAAAAKQRLAEAAAAAAIA0giUAAAAAAACQRrAEAAAAAAAA0giWAAAAAAAAQBrBEgAAAAAAAEgjWAIAAAAAAABpBEsAAAAAAAAgjWAJAAAAAAAApBEsAQAAAAAAgDSCJQAAAAAAAJBGsAQAAAAAAADSCJYAAAAAAABAGsESAAAAAAAASCNYAgAAAAAAAGkESwAAAAAAACCNYAkAAAAAAACkESwBAAAAAACANIIlAAAAAAAAkEawBAAAAAAAANIIlgAAAAAAAEAawRIAAAAAAABII1gCAAAAAAAAaQRLAAAAAAAAII1gCQAAAAAAAKQRLAEAAAAAAIA0giUAAAAAAACQRrAEAAAAAAAA0giWAAAAAAAAQBrBEgAAAAAAAEgjWAIAAAAAAABpBEsAAAAAAAAgjWAJAAAAAAAApBEsAQAAAAAAgDSCJQAAAAAAAJBGsAQAAAAAAADSCJYAAAAAAABAGsESAAAAAAAASCNYAgAAAAAAAGkESwAAAAAAACCNYAkAAAAAAACkESwBAAAAAACANIIlAAAAAAAAkEawBAAAAAAAANIIlgAAAAAAAEAawRIAAAAAAABII1gCAAAAAAAAaQRLAAAAAAAAII1gCQAAAAAAAKQRLAEAAAAAAIA070iwHAwGO2Lsb9u21DnG/d0lAAAAAAAAgEUTD5Zt2z7VNE0bh7tjbI7j52PcJVoCAAAAAAAAJ5posGzbdmtMV5ZSHhiNRrcNh8OHY1wV5y/E+k3jmwAAAAAAAAA6k37C8upSyoHRaHR3d75gT9M0G9u2vaI7BwAAAAAAAJhssCylbKqvgO1OF3VPWzYxvt8tAQAAAAAAAEw2WDZNc2Yp5ceDweCOGM+3bVtiPhRjR3cLAAAAAAAAwKKmmyeiBsru+yrPbJqmRsqfxvnlcVwv7B6NRtfH2gdizMRYqY/GeKUbvXXD7/7ebz12zZ+8+Orrv3rgmYMH/qpbBlbh2nMv+u7f/v3f/ekf/OVfPNkt9dUHYxyJcXh81lPv3nj++g9/4Qcvzx56bceRn/zwsW4ZWIX3Xvrxb/365y9v/dHdl32jW+qzNbFXAac1+xTQd/YpoO/sU0DfnRHjZzEOjc/CxINld/ixY1//Wp+wrNEyDj8Z6zXincqTndfEeCnGi+Oznrr7ksvOuO8P/+jA4Tf/4fM/ff2X3+mWgVW45Ld/56/3H/rlpz/0zfue6Jb6ak38MnjWJZevv/ie3a/NvfH6l9949ZVHu2VgFTace+GTs0cO3vPM7Rd/rVvqM39xBfrOPgX0nX0K6Dv7FNB3749xMMY7Giz3DYfDj8yvzIv1W2PaWUoZ1u+znF9dsRtjPBfj2fFZT819+q4zmne97/DU3NF7p9Y1u7tlYDXK9N5ydO7G6a9+9tvdSl9tjFF/EVzcZPto046969dtOO/Nqbm5B5up6V3dMrAKZbrsiemOp285+6H5lV5bE3sVcFqzTwF9Z58C+s4+BfTdkn1qot9hWV8HG+Os7vRkbJAAAAAAAADAookGy/BE0zQXtG17Q3c+Vkr5RJ3j2uPjBQAAAAAAAIAw0WA5MzPzle4py0fatt1aXwXbfX/lTbG269jvtQQAAAAAAACYaLDcvn37SzMzM9fG4Z5Syt0x74xxXRzX7678VL0HAAAAAAAAYMGkXwk7jpaj0ej6GO8ZDodNzOfEuK27DAAAAAAAALBo4sESAAAAAAAAYLkESwAAAAAAACCNYAkAAAAAAACkESwBAAAAAACANIIlAAAAAAAAkEawBAAAAAAAANIIlgAAAAAAAEAawRIAAAAAAABII1gCAAAAAAAAaQRLAAAAAAAAII1gCQAAAAAAAKQRLAEAAAAAAIA0giUAAAAAAACQRrAEAAAAAAAA0giWAAAAAAAAQBrBEgAAAAAAAEgjWAIAAAAAAABpBEsAAAAAAAAgjWAJAAAAAAAApBEsAQAAAAAAgDSCJQAAAAAAAJBGsAQAAAAAAADSCJYAAAAAAABAGsESAAAAAAAASCNYAgAAAAAAAGkESwAAAAAAACCNYAkAAAAAAACkESwBAAAAAACANIIlAAAAAAAAkEawBAAAAAAAANIIlgAAAAAAAEAawRIAAAAAAABII1gCAAAAAAAAaQRLAAAAAAAAII1gCQAAAAAAAKQRLAEAAAAAAIA0giUAAAAAAACQRrAEAAAAAAAA0giWAAAAAAAAQBrBEgAAAAAAAEgjWAIAAAAAAABpBEsAAAAAAAAgjWAJAAAAAAAApBEsAQAAAAAAgDSCJQAAAAAAAJBGsAQAAAAAAADSCJYAAAAAAABAGsESAAAAAAAASCNYAgAAAAAAAGkESwAAAAAAACCNYAkAAAAAAACkabp5LbgxxnMxnh2f9dTcp+86o3nX+w5PzR29d2pds7tbBlajTO8tR+dunP7qZ7/drfTVxhiHYxwan/XUph1716/bcN6bU3NzDzZT07u6ZWAVynTZE9MdT99y9kPzK722JvYq4LS2Jvapf/G9730nfp/6YHcKTMK6ddv/n3/+z0fdWZ/5fQroO/sU0HdL9inBcsIES3gHCJYTJVjC5AmWABO1Jvapf7Fnz/6Y6r/jj8cLwKqUqamrpqent//fV175b7ulPvP7FNB39img75bsU4LlhAmW8A4QLCdKsITJEywBJmpN7FPjYDk9vWfq6NEHuyVgNZpmVzM9/bhgCTAR9img75bsU77DEgAAAAAAAEgjWAIAAAAAAABpBEsAAAAAAAAgjWAJAAAAAAAApBEsAQAAAAAAgDSCJQAAAAAAAJBGsAQAAAAAAADSCJYAAAAAAABAGsESAAAAAAAASCNYAgAAAAAAAGkESwAAAAAAACCNYAkAAAAAAACkESwBAAAAAACANIIlAAAAAAAAkEawBAAAAAAAANIIlgAAAAAAAEAawRIAAAAAAABII1gCAAAAAAAAaQRLAAAAAAAAII1gCQAAAAAAAKQRLAEAAAAAAIA0giUAAAAAAACQRrAEAAAAAAAA0giWAAAAAAAAQBrBEgAAAAAAAEgjWAIAAAAAAABpBEsAAAAAAAAgjWAJAAAAAAAApBEsAQAAAAAAgDSCJQAAAAAAAJBGsAQAAAAAAADSCJYAAAAAAABAGsESAAAAAAAASCNYAgAAAAAAAGkESwAAAAAAACCNYAkAAAAAAACkESwBAAAAAACANIIlAAAAAAAAkEawBAAAAAAA/kd79x9kWVneCbxPd1NIGA2xSs0Ys7puRimzxj8YqkhCAsSsogTBMkVtASZC0tfCrbXkR8RUkmFIZK0ootEoO3dWcGOcVDAKMgZMsmFAScroDBGT7CqoGyQZEhNQmRnIQHeffZ7b7+3t7umZ6Zm+M+/tns+n6p33nPece7v/oB/ee7/nvAegGoElAAAAAAAAUI3AEgAAAAAAAKhGYAkAAAAAAABUI7AEAAAAAAAAqhFYAgAAAAAAANUILAEAAAAAAIBqBJYAAAAAAABANQJLAAAAAAAAoBqBJQAAAAAAAFDNEQ0sL7vsshdPTEzs6nQ628sQAAAAAAAAwKwjGlhOTU3d0jTNmrILAAAAAAAAMM8RCywnJiY2tW370rILAAAAAAAAsI8jElh2Op3zm6bpxOaGmREAAAAAAACAfQ08sMznVrZt++FoWzZv3vy+MgwAAAAAAACwj4EHllNTUzdFt3vz5s0XzYwAAAAAAAAALG6ggeXExMT1bdue0jTN28sQAAAAAAAAwH41pV+2fG5l27Yfa5rm+m63e20ZzvE2uh0xtn5mZOQ50cZnNg/JT0R7uLShdf4P/8j33fqqN3392088/t77Hnvkz8owsAxnv+Cln/3bf/2nX375p3/3jjI0rJ4XbU+03b29IfWMtS8+7sd++68emtz16KY93/jyrWUYWIbvf8XP/NG//ctD13zlqlP/oAwNsxVRq4Bj2oqoU6+9666/ntq79y8fu//+TWUIWIbnrF//ock9e/7kT887751laJiZTwHDTp0Cht2J0f452q7eXhhYYDkxMbGpaZpO2V1U27bdzZs3XxGbh3Nn56uifTPa13t7Q+qql5164nt+/LxHdj/15Lu+9cT37izDwDK87KQf/NzOXd+7+Iduec/tZWhYrYjJ4LNedtpxJ79j66PTe5/44N5vP/yJMgwswwkveMkdk3see8d9bzn598rQMPPBFRh2K6JOnXPXXQ9MT019fs/DD3+wDAHLsOZFL/pI+/TTf3znq1+9oQwNM/MpYNipU8Cwe3a0x6INPrDsdDqnR7duZm+em9q2fbBpmnfF9oPdbvfemeFD9oZoX432d729ITV98ZUnNsf/wO6R6alrR8aarWUYWI52dHs7Nf2G0Y9u+FQZGVZro+VEcLbIDqNTNm0/buyEFz41Mj19QzMyuqUMA8vQjrbborv8i7/w3I/MjAy1FVGrgGPaiqhT52zbtnNkdHTbyNTUDWUIWI6m2dKMjt72mTPOuLqMDDPzKWDYqVPAsNunTg3sGZYZREa7eWHLY03TPF72DzesBAAAAAAAAFahgQWWAAAAAAAAAIdKYAkAAAAAAABUc8QDy26320RbX3YBAAAAAAAAZrnDEgAAAAAAAKhGYAkAAAAAAABUI7AEAAAAAAAAqhFYAgAAAAAAANUILAEAAAAAAIBqBJYAAAAAAABANQJLAAAAAAAAoBqBJQAAAAAAAFCNwBIAAAAAAACoRmAJAAAAAAAAVCOwBAAAAAAAAKoRWAIAAAAAAADVCCwBAAAAAACAagSWAAAAAAAAQDUCSwAAAAAAAKAagSUAAAAAAABQjcASAAAAAAAAqEZgCQAAAAAAAFQjsAQAAAAAAACqEVgCAAAAAAAA1QgsAQAAAAAAgGoElgAAAAAAAEA1AksAAAAAAACgGoElAAAAAAAAUI3AEgAAAAAAAKhGYAkAAAAAAABUI7AEAAAAAAAAqhFYAgAAAAAAANUILAEAAAAAAIBqBJYAAAAAAABANQJLAAAAAAAAoBqBJQAAAAAAAFCNwBIAAAAAAACoRmAJAAAAAAAAVCOwBAAAAAAAAKoRWAIAAAAAAADVCCwBAAAAAACAagSWAAAAAAAAQDUCSwAAAAAAAKAagSUAAAAAAABQjcASAAAAAAAAqEZgCQAAAAAAAFQjsAQAAAAAAACqEVgCAAAAAAAA1QgsAQAAAAAAgGoElgAAAAAAAEA1AksAAAAAAACgGoElAAAAAAAAUI3AEgAAAAAAAKhGYAkAAAAAAABUI7AEAAAAAAAAqmlKvxK8IdpXo/1db29ITV985YnN8T+we2R66tqRsWZrGQaWox3d3k5Nv2H0oxs+VUaG1dpou6Pt6u0NqVM2bT9u7IQXPjUyPX1DMzK6pQwDy9COttuiu/yLv/Dcj8yMDLUVUaumv/D6F5RNYECa8acfa9Z/5omyO8xWRJ06Z9u2nSOjo9tGpqZuKEPAcjTNlmZ09LbPnHHG1WVkmK2IOgUc01bG577Npz17pD3++8ouMADNcSO7m0vu+W7ZHWb71CmB5YAJLOEIEFgOlMASBk9gOVhtzlHvu2C67AID0o41bx99xR++p+wOsxUxpxJYwoAJLAEGaUXUqembz7yjGRl5TdkFBqBt2jtG33TPOWV3mO1TpwSWAyawhCNAYDlQAksYPIHlYPUDy3ak3dq0I58pw8AytE1zfXw++S2B5eAILGHABJYAg7Qi6lQvsGzb58acqluGgGVop6evHBkd+brA8sgTWMKxSmA5UAJLGDyB5WDNBpbT092maXxwhQFom5HbR8ZG3y+wHByBJQyYwBJgkFZEncrAMj4AntCMNleVIWAZ2un2+pHR9omVGliOlh4AAAAAAADgqBNYAgAAAAAAANUILAEAAAAAAIBqBJYAAAAAAABANQJLAAAAAAAAoBqBJQAAAAAAAFCNwBIAAAAAAACoRmAJAAAAAAAAVCOwBAAAAAAAAKoRWAIAAAAAAADVCCwBAAAAAACAagSWAAAAAAAAQDUCSwAAAAAAAKAagSUAAAAAAABQjcASAAAAAAAAqEZgCQAAAAAAAFQjsAQAAAAAAACqEVgCAAAAAAAA1QgsAQAAAAAAgGoElgAAAAAAAEA1AksAAAAAAACgGoElAAAAAAAAUI3AEgAAAAAAAKhGYAkAAAAAAABUI7AEAAAAAAAAqhFYAgAAAAAAANUILAEAAAAAAIBqBJYAAAAAAABANQJLAAAAAAAAoBqBJQAAAAAAAFCNwBIAAAAAAACoRmAJAAAAAAAAVCOwBAAAAAAAAKoRWAIAAAAAAADVCCwBAAAAAACAagSWAAAAAAAAQDUCSwAAAAAAAKAagSUAAAAAAABQjcASAAAAAAAAqEZgCQAAAAAAAFQjsAQAAAAAAACqEVgCAAAAAAAA1QgsAQAAAAAAgGoElgAAAAAAAEA1AksAAAAAAACgGoElAAAAAAAAUI3AEgAAAAAAAKhGYAkAAAAAAABUM/DAstPpnB/t7mhttomJiZ3RNpXDAAAAAAAAALMGGlh2Op3T27b9WLTnR7sihi6Ntq1pms7ExMTHeycBAAAAAAAAFAMNLNu2fXvTNGvGx8fP3rx58/u63e7N0V8U41tj/MIMNMupAAAAAAAAAIMNLJumeX50O2688cZvzozMiPFby+a60gMAAAAAAAAMNrDsdrvrs5XdWW3b/mzZ/E7pAQAAAAAAAAYbWC6m0+mcH93rou3odru39QYBAAAAAAAAQlP6IyKfWdm27Z253TTNG0tg+Zxo4zl2iH4i2sOlDa3zf/hHvu/WV73p699+4vH33vfYI39WhoFlOPsFL/3s3/7rP/3yyz/9u3eUoWH1vGh7ou3u7Q2pZ6x98XE/9tt/9dDkrkc37fnGl/tLdgPL8P2v+Jk/+rd/eeiar1x16h+UoWE29LXqhJg6PnHfBf/43cf3/v4X/uax3y/DwDL87GnP+5//9J29m3/4VVs/XIaG2YqYU732rrv+emrv3r987P77N5UhYBmes379hyb37PmTPz3vvHeWoWG2IuoUcExbEXVqz6af/v3RZuQZd3/1u79ZhoBlOPPkkzZMj7RPntj5/BvL0DA7Mdo/R9vV2wtHLLDMOyvbtv1Ybs8JK1P+EodzZ+erouWzMb/e2xtSV73s1BPf8+PnPbL7qSff9a0nvtcLa4HledlJP/i5nbu+d/EP3fKe28vQsFoRk8Fnvey0405+x9ZHp/c+8cG93374E2UYWIYTXvCSOyb3PPaO+95y8u+VoWE29LXq2TF9fPS+C7735L9N3vx//3HPzWUYWIaX/vtn3rJ77/SHTvrJT/1OGRpmK2JOdc5ddz0wPTX1+T0PP/zBMgQsw5oXvegj7dNP//Gdr371hjI0zFZEnfrwLz/1yWakyd8VGJC903s+9babTrqh7A6zFVGn9v6PMz45OjLyjAf++clfK0PAMrzkeSdcN920Tx7/S5/7+TI0zJ4d7bFoRzawnJiYuDy6vCpiV9M0bxnQUrBviPbVaH/X2xtS0xdfeWJz/A/sHpmeunZkrNlahoHlaEe3t1PTbxj96IZPlZFhtTZaTgRni+wwOmXT9uPGTnjhUyPT0zc0I6NbyjCwDO1ouy26y7/4C8/9yMzIUBv6WtXmHPW+C6bb6eluzCW7ZRhYhrYZuX1kbPT9o6/4w/eUoWG2IuZU52zbtnNkdHTbyNTUSvjSEoZf02xpRkdv+8wZZ1xdRobZiqhT/31i+r6YVZ042ox8rQwByzDdjpzZjIx88s3d0UvK0DBbEXVq+uYz74gPgCc0o81VZQhYhna6vX5ktH1i9E33nFOGhtk+dWrggWWn07kmuo1t2z44Pj5+9o033ph3RQ6CwBKOVQLLgRJYwuAJLAdLYAmDJ7AcPIElDJjAcuAysBwdHfmHZqq5tgwByzDdjGwaadq/EVgOjsASBmulB5aHszTrfnU6nSzWRyKsBAAAAAAAAFahgQaWbdteVza/NDk5efXExMSmua3T6ZxejgMAAAAAAAAMLrDsdDrnN02Tt3CORH9htM7CFofW5XEAAAAAAACANLDAstvt3hatOUi7uZwOAAAAAAAAMNglYQEAAAAAAAAOhcASAAAAAAAAqEZgCQAAAAAAAFQjsAQAAAAAAACqEVgCAAAAAAAA1QgsAQAAAAAAgGoElgAAAAAAAEA1AksAAAAAAACgGoElAAAAAAAAUI3AEgAAAAAAAKhGYAkAAAAAAABUI7AEAAAAAAAAqhFYAgAAAAAAANUILAEAAAAAAIBqBJYAAAAAAABANQJLAAAAAAAAoBqBJQAAAAAAAFCNwBIAAAAAAACoRmAJAAAAAAAAVCOwBAAAAAAAAKoRWAIAAAAAAADVCCwBAAAAAACAagSWAAAAAAAAQDUCSwAAAAAAAKAagSUAAAAAAABQjcASAAAAAAAAqEZgCQAAAAAAAFQjsAQAAAAAAACqEVgCAAAAAAAA1QgsAQAAAAAAgGoElgAAAAAAAEA1AksAAAAAAACgGoElAAAAAAAAUI3AEgAAAAAAAKhGYAkAAAAAAABUI7AEAAAAAAAAqhFYAgAAAAAAANUILAEAAAAAAIBqBJYAAAAAAABANQJLAAAAAAAAoBqBJQAAAAAAAFCNwBIAAAAAAACoRmAJAAAAAAAAVCOwBAAAAAAAAKoRWAIAAAAAAADVCCwBAAAAAACAagSWAAAAAAAAQDUCSwAAAAAAAKAagSUAAAAAAABQjcASAAAAAAAAqEZgCQAAAAAAAFQjsAQAAAAAAACqEVgCAAAAAAAA1QgsAQAAAAAAgGoElgAAAAAAAEA1AksAAAAAAACgGoElAAAAAAAAUI3AEgAAAAAAAKhGYAkAAAAAAABUI7AEAAAAAAAAqhFYAgAAAAAAANUILAEAAAAAAIBqBJYAAAAAAABANQJLAAAAAAAAoBqBJQAAAAAAAFCNwBIAAAAAAACoRmAJAAAAAAAAVCOwBAAAAAAAAKoRWAIAAAAAAADVCCwBAAAAAACAagSWAAAAAAAAQDUCSwAAAAAAAKAagSUAAAAAAABQjcASAAAAAAAAqEZgCQAAAAAAAFQjsAQAAAAAAACqEVgCAAAAAAAA1QgsAQAAAAAAgGoElgAAAAAAAEA1AksAAAAAAACgGoElAAAAAAAAUI3AEgAAAAAAAKhGYAkAAAAAAABUI7AEAAAAAAAAqhFYAgAAAAAAANUILAEAAAAAAIBqBJYAAAAAAABANQJLAAAAAAAAoBqBJQAAAAAAAFCNwBIAAAAAAACoRmAJAAAAAAAAVCOwBAAAAAAAAKoRWAIAAAAAAADVCCwBAAAAAACAagSWAAAAAAAAQDUCSwAAAAAAAKAagSUAAAAAAABQjcASAAAAAAAAqEZgCQAAAAAAAFQjsAQAAAAAAACqEVgCAAAAAAAA1QgsAQAAAAAAgGoElgAAAAAAAEA1Aw8sL7vsshdPTEzcHm1Xp9Npo38g+kvKYQAAAAAAAIBZAw8sJycnPxvdWU3TXB/9pdHvjP4moSUAAAAAAACw0EADy06nc03TNOuivbXb7V4b7eZoZ7Zt+0gc/i8zZwEAAAAAAADMGPQdlmdlOJlBZdnv2xrtlE6nc/rMLgAAAAAAAMCAA8u2bV9SloCdJ8a+UDbXlR4AAAAAAABgsIFl0zRry+ai2rb90bIJAAAAAAAAMNKUfiA6nU4b3Y5ut7t+ZmRGjF8S3U1t23Y3h9he0ztwaL4b7aRoz+7tDalnHXfc+Fde/9Zf+atvP/ylj3/j/q+UYWAZPvDjP/dLNz2447bf/Ou7/08ZYhnGTjhh9D/+t7+8+vFv7PjSo3/xCXUKBuCF//nai7/zlT//3D98/Ne2lyGW6e/v+Llf/duvfe9vup/6xhfLELAM1/3Xl//8/V/9zv++eMMX7y5DLNNPf/Sjb3ny0Ue//dAnP/m5MgQsw7pLLvm5PQ899M0vv/Od6tSAvOO8v7h4qm3bP7n/3X9WhoBlePUr3v6f9j79+OMfuPO1+fgzBuDOK19+3jOPH1vz7jsfVqdgAN76yhf89AnHN8f/5HVf/ngZGmb/EC2/79/V2wtHNbCMtjGOfST68Rw/RM+NtjfaZG8PYPicGO2paE/39gCGk1oFDDt1Chh26hQw7NQpYNhl1veP0Xb39gZtYmJiZ6fT2efOggwsM8wsweXhOjPai2Y2AYZSLov9zJlNgKGlVgHDTp0Chp06BQw7dQoYdvvUqUE/w/KBtm2fX3ZnxdhpZfPB0gMAAAAAAAAMNrAM25qmWbvInZTnRsulYu+d2QUAAAAAAAAY8DMs08TExAPRrW2a5vrovxXtF6OdEe3Sbrd7c/SHK5eE/fvSAIZR3saea27PPigYYAipVcCwU6eAYadOAcNOnQKG3T51atB3WI6Mj4+fHd22aBuj3VSWiF1uWAkAAAAAAABQVd5h+aKZTYChlFeFeKA5MOzUKmDYqVPAsFOngGGnTgHDbp86NfA7LAEAAAAAAACWSmAJAAAAAAAAVCOwBAAAAAAAAKoRWAIAAAAAAADVCCwBAAAAAACAagSWAAAAAAAAQDUCSwAAAAAAAKCalRRY7o42ObMJMJSyRk3PbAIMLbUKGHbqFDDs1Clg2KlTwLBTpwAAAAAAAAAAAAAAAAAAAAAAAAAAAAAAAAAAAACOQU3pYcXqdDrboztlZm++tm13R7dtfHz8bTfeeOM3Z0aXL35mvHXb3bx585vLEMA+JiYmNjVN0ym7C90T7f3dbve2md3/f36M+f8zsGxRUx6ImrIuNi+NunLzzOh8c+ZR+z1nMQvnQuZGwKBEPbkmurOippwSNWzNzOjIjti/O2rMVWUf4KjKuU7ZnCdq0+6oVTtic95nu6MhfqdLorsp2iHN44DVpdSCX1wwd7on9j8dc6f3lX1YEUZLD6vBpYu026NQnzs5OfnZ2AaoIiaJW6N157Qt0TIguDUmlufPnAUwWDEHenvUmt3RrrvsssteXIZnTUxMXB/dKVmXfMkF1JZ1KuZFeRHFxqhLj0cNyxp1aWxfEW1n7F+ZF2IsVs8AjpK8eGLu57pujG2LdkZsfyxq2Om9swCOkpgb3R5dXriwpj93irax7N9QjsOKIbBk1cgv2ha2zZs3XxSTxi1RoNdFgb68nApwVEUNujXvOprTLoqxN+axqFE5mQQYuJgL5VX+eef22snJyd+aGZ1RvlDLuyF3ZF3qDQJUVOpUXtC1MerS66KGXVs+070v93M8P9fFeVfn+QBHW3x2682bFrTXxfh7oz6tif6ycirAETcxs0rXuVmDYs60vj93Kv36OCXnTufGeR+feQUMP0vOseKVq3BPiUK86H/Pcby3REYU73nLlMX4NTGWoUEulZZyecZfj/e5d2Z3Rhb/6C7MyWf094yNjV06NTX1jYXvB7BQmTzmkrCLLtETdShKSbs1P+Tmfv/8fj1buN+32HiGD/Feb4/Ns7JexfYjsb0l3tvSaXCM68+Voi5cETWhtyRQ1JEHolsb9eI1C+c+S5kjlfp1wCVh42fkFb45h1obx3rL9Mf2u/N98g6pMp/KOnVR7wUh3ufu6M6INls355z7XjUNVqf428+LKD4ff+ez86LFxHnb45yd/XPKnCjr293RXxl91poNcfx9+Z6xf9C50VLO6/+c2PxQHP/V2F4X/RF5/AgwnKJWxJ/9/r8HyuPR7Yj5y/rYXnSp1oXjc/fjvT9QalA3+i+U8bxL6txoWef2qTmL/ZycN5ULO86N9+nPwW6P1/2GWgWrR/lbvz/+zr+WdacM7yPqRP8RID8V5927v7qTtS2O5Qpgb4v9eUvLRptd8nrO638q2juj5We3tM9jj8rv+P54r6xjKZep3R77V8a2usWi3GHJqhdF7rTso+Dt7A2E/MAZXU78vhStv8zQ86PdGYV3dgmPOC+XlM2wYUu0PO9rU1NTt/QOAhymnIxlfcntqDG39gaXId8v61dsnhzv118CZGts59JprqSDY9zY2NgFUSPyQ99vlvqTX7xnGLkhP7T2TiqWOkc6mDKHyg+iuUzapaU2re+/T/ngmc97OjXarDieH6az/9HeQIgPr+dlH+8x73cFVo/4m++tPBF/5wecF0XNWr95QaAZr31pdHmH0xVZa8bHxz+91LnRocyh4ryshR+IzV5di5Yr+eTjR96fx4FjV3+OFDVi9nunQxGvuy5rUPRZx7Im9eWcLOdwWXNyjnZW1JwDPvKofGd1YbTe91iltr3uYK8DVpb4W39j/H1nqLh1ZmRxUVd685no5z2OaGHdyToW2x+L9vw4vCFafhZ8b7S8YOJjvRfNEWO3RHs8NrM+5XL+ed6HewdDzrFK3TkrWtayPC/nevkZcR51i7kElqxqUWyvie7CKJgPxofba8vY6VH48tK4vHrkoryaI/r3xQfbs/N4jOfVtXne+XFe3lbfu8qknPfm2M8v1wAOxU1RU9p+yzuFsr7E+MasLTOnHL7+F2VZx7LWzalXeXXuhVn3eicCx6QSDm6IerAm6s9NZR6Udw/17rbsy1pRjh1wjnQw8T5z51C998naFGMX5O/Qf5/od8T+un6NKq/L47ujn3uV8Fkx9ki8x+zVusDqEn/zvYsVsl70Bg5B1o3obsx6lbUma95S50aHMoeK/bwr/fo83j8vhrOO9e8aAI5BOX+JmpF3G2WdONyLUbdlDSp1bO58J+/YPLPUnKuyBkXLuVN+17WPMp53Rr01z8/X5fvm/oFeB6w8UXcyWEzfKv2i4m8/L0RNLyl938K688o4N597eWkZ69WdGM8LtNZE/cg7K+faHsdzCf9enYn9PG9t/7yYY70l9tdFe2seL+edGYfmfa+ubrGQwJJVIwrYbBjQbzGcV3Dkkhm9L9pSFPT+FSW74pxL+m1qaipvYc/lf/LKjzzvNdlHcZx3FcnCfYCDiXqyNVp3TtsSLevNxqg/g5h8Zd16JOvY3LoWY7vyYPyseVfSAcee/NCZtSc2z4j+wdifXYa1b06tOOAc6WDifRadQ8UHz7xD8p4Y7325H33/DoJX5j/xuryqN+8iyBrZCy+KDC9zKSOARcXnvU+Xzb6lzo0OaQ41NjY2r67FcRezwjEk5i5RIvb53unWGM9lorfkF+0zZx6yRec58Z7z7vTOL/HL5v7mZLPj8bvNrWl9S5rLAatH+QyW9asfcPbNqztZX6I1/fP74nW5RPVicsWJWQvPi/0zo4blRafz6uLCuhbULeYRWLKa5K3l/ZZrYu+Ollf2v27BetfPzH+icOYt6HkV3GyLsbzyo79G99r8Z2GhXrgPcDBRV26NWvTmOe2i8fHx/GL+kWhX5VIZ5dTDknUr61dsLqxp/aU2enUPOLZFTfhfZXPeh8s5ljpHOqA4L5dnXHTOFDXva2Uzj99W5mv9cPIl8dq8W+kL+bPig+rp0fKuy5yT7e93Blax8qXVvHCgtLlfZPXvJJ+VNSTaQedGSz2vb+HPAY45O2LeMvdC1G6M5YXyP5Wf8XpnHIaoOd8tm/PsZzwvlNjfnKw/Pq+mlZaWNJcDVo+YMy26ZPX+6k7OsSYmJq7PR4XEdj47PJfD38f+Xt8Xr3tpnLPPMtmLvE7dYh6BJatGXrExp+Ut5tuiCHYWPnukb2xs7D/EeXnlyD6tnAJwxJQvvPIZSblEY/8h5YctJoN5Re+iNS1D0nIawEEd5TlSBpH9q2bzGZfb4+f0r8J9Zez3PmBHHZu3fC2wusTfeu9ihk6ns3BViAfj2NxgYMl3NMb5S5obLfU8gKgXO7IuzG1RK/KupKN2YXv8Ds8qm4uK4/lIpEVrWrS5S+4DK9icMPDflX5RURNOLZsPlH5ReSH9xMREnpNB4Zvj/fOZlDk/y1V6Dll+11U2D0rdYi6BJatWTBxflwUvCmQ+e2TeFbhpcnLyvLK5P7n02eyVKH0L9wGOtpw4ls25+pNQgGVZwhzpgMoH20XnTFG/endf9sV+3lG5Jj4cXx59Ph+u94VfzuGi5bNM8iK0e3IMWL3ib/0T2cfffa6WM6vb7d47NxiI44eyBOtS50bmUMBRETXstLJ52KJe5vKz+9y11JfHl7uCDzD8cpn6qAX5OI0DPks7akLv7u/o5z4fdx9TU1O9VXViM59h+cwMCqPP1/aWyT8MeUf6wmVosw6eVDZnqVvMJbBkVYuC967soxhe1y98MdZ77kj085brKFeS7Ox0Or01vPvnxWvfmH3fwn2Aw1Fq0rlRU3bHRPOAX8bP/dI/XxevmfeFf+znnZr5MPJ5F2dETbs+xvZZNg1gMUudIx1MvL73bMqFc6ZSy/KO8rk178/zn/yZWQ/jg3H/g/SXouXVtHmBhuVgYZXLv/0ynzk3asWiz/eO8bz78sKZvQNb6tzIHAo4wubd+RT1ZrELT/cratTry2ZP1KR+fdzf3Ghr/jM5OXl1b6+I152fNS1q26YyBKxwZdWuvPvxlP39bZeakXdK5moSB7sTfE2cl3c6znvmZNStvID0kMV73R2vXbtwLhVjCy+OVbeYR2DJqpZFNotyFsgofL9Vxu7Nsdg8JQrf3Vk4o/hdHsc/m+fFsd4Ssv3zYiyXlc11u/O8TbmfxwGWKmrJ67N+zG1Rc+7NmhOHt+zveUhxvP+l/03xmsuzZa3qHZwjznt3nJPPgftA1Kpr5tSrK2NsnwknwGKWOkc6mHiffvCQc6jb832yNsXYLdHyKuBfnzlz9mc+GJt5N+Xs8y3D9vyZZbsXagKr2+aZFXLyS6uNUTO2Z93o16GsJTF+a54X50TpOPDcJurHkuZGSz0P4FBk7Si15ap+bYl2d+zPu/D0YKIWndufS2VtyveL4VyWdtGl8uPnXpu1K143+z1W/vwY692JFeO9i9OA1aGsPtH73BVm506lz4tNN+bxcqfkAcV5O+N91vVrR/SX53vE+CHVrb7x8fEPx2tz1ZzZOVa0u+PQvEciqVssJLBk1YsC+RtR4B6JApdLw/aeiVIKdRbtvDU9b3m/IdrjsZ23vc9O/PK8OCeflZK31+ca3nk31BV5DGCpor6cG62zoOUyPhtzgjlz1r5i4pZf+mfNWRPn3xD9r0TLq2nnPUMgzsvw8zWxuS3Ozw+x/Xq1JWrg2XkOwFIsdY50MHFuBg85h8q7JG8qtSlDyNdkzcpz5si7KfND8uxSj3FefywDg6P2XCigrqwd0eWysL0v+qPv1aHoT86akjXkQHOnvqXOjcyhgCMlassbo+XFWDmv+kC0nE9t6B1conjNe+M9enOyaHmH+ZaxsbEL8tj+ZO2K181+jxXbV8V75BL8i83BgBVusblT6fNC0fwMl8cPKmrH2+J1eeFY1pqsOb8S+73akcdj+2ezX6q8ML/MpfI7rI3R8j1Tbs+jbjFXU3oAAAAAACrKO4yiyy/3L+260xtYRfLOzWbmYjT1jUW5wxIAAAAAAIBly+Vdoz1Qduc6K/8RVrI/AksAAAAAAACWrWmaL0Rbl8+tLM/DzOdifjzGcun9XP4VFiWwBAAAAAAAYNnyDsq2ba+I9vyyBGwuc31qtI1LeR45AAAAAAAAAAAAAAAAAAAAAAAAAAAAAAAAAAAAAAAAAAAAAAAAAAAAAAAAAAAAAAAAAAAAAAAAAAAAAAAAAAAAAByikZH/Byo4u8Uz0H3CAAAAAElFTkSuQmCC